Archive member included to satisfy reference by file (symbol)

c:/arm_tool/gcc/bin/../lib/gcc/arm-none-eabi/8.2.1/../../../../arm-none-eabi/lib/thumb/v7e-m+fp/hard\libc_nano.a(lib_a-exit.o)
                              c:/arm_tool/gcc/bin/../lib/gcc/arm-none-eabi/8.2.1/../../../../arm-none-eabi/lib/thumb/v7e-m+fp/hard/crt0.o (exit)
c:/arm_tool/gcc/bin/../lib/gcc/arm-none-eabi/8.2.1/../../../../arm-none-eabi/lib/thumb/v7e-m+fp/hard\libc_nano.a(lib_a-impure.o)
                              c:/arm_tool/gcc/bin/../lib/gcc/arm-none-eabi/8.2.1/../../../../arm-none-eabi/lib/thumb/v7e-m+fp/hard\libc_nano.a(lib_a-exit.o) (_global_impure_ptr)
c:/arm_tool/gcc/bin/../lib/gcc/arm-none-eabi/8.2.1/../../../../arm-none-eabi/lib/thumb/v7e-m+fp/hard\libc_nano.a(lib_a-init.o)
                              c:/arm_tool/gcc/bin/../lib/gcc/arm-none-eabi/8.2.1/../../../../arm-none-eabi/lib/thumb/v7e-m+fp/hard/crt0.o (__libc_init_array)
c:/arm_tool/gcc/bin/../lib/gcc/arm-none-eabi/8.2.1/../../../../arm-none-eabi/lib/thumb/v7e-m+fp/hard\libc_nano.a(lib_a-malloc.o)
                              build/usbh_hid.o (malloc)
c:/arm_tool/gcc/bin/../lib/gcc/arm-none-eabi/8.2.1/../../../../arm-none-eabi/lib/thumb/v7e-m+fp/hard\libc_nano.a(lib_a-memcmp.o)
                              build/sega_gamepad.o (memcmp)
c:/arm_tool/gcc/bin/../lib/gcc/arm-none-eabi/8.2.1/../../../../arm-none-eabi/lib/thumb/v7e-m+fp/hard\libc_nano.a(lib_a-memset.o)
                              c:/arm_tool/gcc/bin/../lib/gcc/arm-none-eabi/8.2.1/../../../../arm-none-eabi/lib/thumb/v7e-m+fp/hard/crt0.o (memset)
c:/arm_tool/gcc/bin/../lib/gcc/arm-none-eabi/8.2.1/../../../../arm-none-eabi/lib/thumb/v7e-m+fp/hard\libc_nano.a(lib_a-nano-freer.o)
                              c:/arm_tool/gcc/bin/../lib/gcc/arm-none-eabi/8.2.1/../../../../arm-none-eabi/lib/thumb/v7e-m+fp/hard\libc_nano.a(lib_a-malloc.o) (_free_r)
c:/arm_tool/gcc/bin/../lib/gcc/arm-none-eabi/8.2.1/../../../../arm-none-eabi/lib/thumb/v7e-m+fp/hard\libc_nano.a(lib_a-nano-mallocr.o)
                              c:/arm_tool/gcc/bin/../lib/gcc/arm-none-eabi/8.2.1/../../../../arm-none-eabi/lib/thumb/v7e-m+fp/hard\libc_nano.a(lib_a-malloc.o) (_malloc_r)
c:/arm_tool/gcc/bin/../lib/gcc/arm-none-eabi/8.2.1/../../../../arm-none-eabi/lib/thumb/v7e-m+fp/hard\libc_nano.a(lib_a-nano-vfprintf_float.o)
                              (_printf_float)
c:/arm_tool/gcc/bin/../lib/gcc/arm-none-eabi/8.2.1/../../../../arm-none-eabi/lib/thumb/v7e-m+fp/hard\libc_nano.a(lib_a-nano-vfprintf_i.o)
                              c:/arm_tool/gcc/bin/../lib/gcc/arm-none-eabi/8.2.1/../../../../arm-none-eabi/lib/thumb/v7e-m+fp/hard\libc_nano.a(lib_a-nano-vfprintf_float.o) (_printf_common)
c:/arm_tool/gcc/bin/../lib/gcc/arm-none-eabi/8.2.1/../../../../arm-none-eabi/lib/thumb/v7e-m+fp/hard\libc_nano.a(lib_a-printf.o)
                              build/main.o (printf)
c:/arm_tool/gcc/bin/../lib/gcc/arm-none-eabi/8.2.1/../../../../arm-none-eabi/lib/thumb/v7e-m+fp/hard\libc_nano.a(lib_a-putchar.o)
                              build/usb_host.o (putchar)
c:/arm_tool/gcc/bin/../lib/gcc/arm-none-eabi/8.2.1/../../../../arm-none-eabi/lib/thumb/v7e-m+fp/hard\libc_nano.a(lib_a-puts.o)
                              build/main.o (puts)
c:/arm_tool/gcc/bin/../lib/gcc/arm-none-eabi/8.2.1/../../../../arm-none-eabi/lib/thumb/v7e-m+fp/hard\libc_nano.a(lib_a-sbrkr.o)
                              c:/arm_tool/gcc/bin/../lib/gcc/arm-none-eabi/8.2.1/../../../../arm-none-eabi/lib/thumb/v7e-m+fp/hard\libc_nano.a(lib_a-nano-mallocr.o) (_sbrk_r)
c:/arm_tool/gcc/bin/../lib/gcc/arm-none-eabi/8.2.1/../../../../arm-none-eabi/lib/thumb/v7e-m+fp/hard\libc_nano.a(lib_a-strlen.o)
                              c:/arm_tool/gcc/bin/../lib/gcc/arm-none-eabi/8.2.1/../../../../arm-none-eabi/lib/thumb/v7e-m+fp/hard\libc_nano.a(lib_a-nano-vfprintf_float.o) (strlen)
c:/arm_tool/gcc/bin/../lib/gcc/arm-none-eabi/8.2.1/../../../../arm-none-eabi/lib/thumb/v7e-m+fp/hard\libc_nano.a(lib_a-wbuf.o)
                              c:/arm_tool/gcc/bin/../lib/gcc/arm-none-eabi/8.2.1/../../../../arm-none-eabi/lib/thumb/v7e-m+fp/hard\libc_nano.a(lib_a-puts.o) (__swbuf_r)
c:/arm_tool/gcc/bin/../lib/gcc/arm-none-eabi/8.2.1/../../../../arm-none-eabi/lib/thumb/v7e-m+fp/hard\libc_nano.a(lib_a-wsetup.o)
                              c:/arm_tool/gcc/bin/../lib/gcc/arm-none-eabi/8.2.1/../../../../arm-none-eabi/lib/thumb/v7e-m+fp/hard\libc_nano.a(lib_a-puts.o) (__swsetup_r)
c:/arm_tool/gcc/bin/../lib/gcc/arm-none-eabi/8.2.1/../../../../arm-none-eabi/lib/thumb/v7e-m+fp/hard\libc_nano.a(lib_a-dtoa.o)
                              c:/arm_tool/gcc/bin/../lib/gcc/arm-none-eabi/8.2.1/../../../../arm-none-eabi/lib/thumb/v7e-m+fp/hard\libc_nano.a(lib_a-nano-vfprintf_float.o) (_dtoa_r)
c:/arm_tool/gcc/bin/../lib/gcc/arm-none-eabi/8.2.1/../../../../arm-none-eabi/lib/thumb/v7e-m+fp/hard\libc_nano.a(lib_a-fflush.o)
[...]
Memory Configuration

Name             Origin             Length             Attributes
RAM              0x0000000020000000 0x0000000000018000 xrw
RAM2             0x0000000010000000 0x0000000000008000 xrw
FLASH            0x0000000008000000 0x0000000000100000 xr
*default*        0x0000000000000000 0xffffffffffffffff

Linker script and memory map

LOAD c:/arm_tool/gcc/bin/../lib/gcc/arm-none-eabi/8.2.1/thumb/v7e-m+fp/hard/crti.o
LOAD c:/arm_tool/gcc/bin/../lib/gcc/arm-none-eabi/8.2.1/thumb/v7e-m+fp/hard/crtbegin.o
LOAD c:/arm_tool/gcc/bin/../lib/gcc/arm-none-eabi/8.2.1/../../../../arm-none-eabi/lib/thumb/v7e-m+fp/hard/crt0.o
LOAD build/main.o
LOAD build/gpio.o
LOAD build/usart.o
LOAD build/stm32l4xx_it.o
LOAD build/stm32l4xx_hal_msp.o
LOAD build/stm32l4xx_hal_hcd.o
LOAD build/stm32l4xx_ll_usb.o
LOAD build/stm32l4xx_hal.o
LOAD build/stm32l4xx_hal_i2c.o
LOAD build/stm32l4xx_hal_i2c_ex.o
LOAD build/stm32l4xx_hal_rcc.o
LOAD build/stm32l4xx_hal_rcc_ex.o
LOAD build/stm32l4xx_hal_flash.o
LOAD build/stm32l4xx_hal_flash_ex.o
LOAD build/stm32l4xx_hal_flash_ramfunc.o
LOAD build/stm32l4xx_hal_gpio.o
LOAD build/stm32l4xx_hal_dma.o
LOAD build/stm32l4xx_hal_dma_ex.o
LOAD build/stm32l4xx_hal_pwr.o
LOAD build/stm32l4xx_hal_pwr_ex.o
LOAD build/stm32l4xx_hal_cortex.o
LOAD build/stm32l4xx_hal_exti.o
LOAD build/stm32l4xx_hal_tim.o
LOAD build/stm32l4xx_hal_tim_ex.o
LOAD build/stm32l4xx_hal_uart.o
LOAD build/stm32l4xx_hal_uart_ex.o
LOAD build/system_stm32l4xx.o
LOAD build/dma.o
LOAD build/stm32l4xx_hal_timebase_tim.o
LOAD build/usb_host.o
LOAD build/usbh_conf.o
LOAD build/usbh_platform.o
LOAD build/usbh_core.o
LOAD build/usbh_ctlreq.o
LOAD build/usbh_ioreq.o
LOAD build/usbh_pipes.o
LOAD build/usbh_hid.o
LOAD build/usbh_hid_keybd.o
LOAD build/usbh_hid_mouse.o
LOAD build/usbh_hid_gamepad.o
LOAD build/usbh_hid_parser.o
LOAD build/spi.o
LOAD build/stm32l4xx_hal_spi.o
LOAD build/stm32l4xx_hal_spi_ex.o
LOAD build/tim.o
LOAD build/sdmmc.o
LOAD build/stm32l4xx_ll_sdmmc.o
LOAD build/stm32l4xx_hal_sd.o
LOAD build/stm32l4xx_hal_sd_ex.o
LOAD build/retarget.o
LOAD build/EPM7064.o
LOAD build/cpld_spi.o
LOAD build/opt_buttons.o
LOAD build/queue.o
LOAD build/ps2_keyboard.o
LOAD build/sega_gamepad.o
LOAD build/startup_stm32l476xx.o
LOAD c:/arm_tool/gcc/bin/../lib/gcc/arm-none-eabi/8.2.1/../../../../arm-none-eabi/lib/thumb/v7e-m+fp/hard\libc_nano.a
LOAD c:/arm_tool/gcc/bin/../lib/gcc/arm-none-eabi/8.2.1/../../../../arm-none-eabi/lib/thumb/v7e-m+fp/hard\libm.a
LOAD c:/arm_tool/gcc/bin/../lib/gcc/arm-none-eabi/8.2.1/../../../../arm-none-eabi/lib/thumb/v7e-m+fp/hard\libnosys.a
START GROUP
LOAD c:/arm_tool/gcc/bin/../lib/gcc/arm-none-eabi/8.2.1/thumb/v7e-m+fp/hard\libgcc.a
LOAD c:/arm_tool/gcc/bin/../lib/gcc/arm-none-eabi/8.2.1/../../../../arm-none-eabi/lib/thumb/v7e-m+fp/hard\libc_nano.a
END GROUP
START GROUP
LOAD c:/arm_tool/gcc/bin/../lib/gcc/arm-none-eabi/8.2.1/thumb/v7e-m+fp/hard\libgcc.a
LOAD c:/arm_tool/gcc/bin/../lib/gcc/arm-none-eabi/8.2.1/../../../../arm-none-eabi/lib/thumb/v7e-m+fp/hard\libc_nano.a
END GROUP
LOAD c:/arm_tool/gcc/bin/../lib/gcc/arm-none-eabi/8.2.1/thumb/v7e-m+fp/hard/crtend.o
LOAD c:/arm_tool/gcc/bin/../lib/gcc/arm-none-eabi/8.2.1/thumb/v7e-m+fp/hard/crtn.o
                0x0000000020018000                _estack = 0x20018000
                0x0000000000004000                _Min_Heap_Size = 0x4000
                0x0000000000004000                _Min_Stack_Size = 0x4000

.isr_vector     0x0000000008000000      0x188
                0x0000000008000000                . = ALIGN (0x8)
 *(.isr_vector)
 .isr_vector    0x0000000008000000      0x188 build/startup_stm32l476xx.o
                0x0000000008000000                g_pfnVectors
                0x0000000008000188                . = ALIGN (0x8)

.text           0x0000000008000190     0xb188
                0x0000000008000190                . = ALIGN (0x8)
 *(.text)
 .text          0x0000000008000190       0x10 c:/arm_tool/gcc/bin/../lib/gcc/arm-none-eabi/8.2.1/../../../../arm-none-eabi/lib/thumb/v7e-m+fp/hard\libc_nano.a(lib_a-strlen.o)
                0x0000000008000190                strlen
 .text          0x00000000080001a0       0xa0 c:/arm_tool/gcc/bin/../lib/gcc/arm-none-eabi/8.2.1/../../../../arm-none-eabi/lib/thumb/v7e-m+fp/hard\libc_nano.a(lib_a-memchr.o)
                0x00000000080001a0                memchr
 .text          0x0000000008000240      0x378 c:/arm_tool/gcc/bin/../lib/gcc/arm-none-eabi/8.2.1/thumb/v7e-m+fp/hard\libgcc.a(_arm_addsubdf3.o)
                0x0000000008000240                __aeabi_drsub
                0x0000000008000248                __aeabi_dsub
                0x0000000008000248                __subdf3
                0x000000000800024c                __aeabi_dadd
                0x000000000800024c                __adddf3
                0x00000000080004c4                __floatunsidf
                0x00000000080004c4                __aeabi_ui2d
                0x00000000080004e4                __floatsidf
                0x00000000080004e4                __aeabi_i2d
                0x0000000008000508                __aeabi_f2d
                0x0000000008000508                __extendsfdf2
                0x000000000800054c                __floatundidf
                0x000000000800054c                __aeabi_ul2d
                0x000000000800055c                __floatdidf
                0x000000000800055c                __aeabi_l2d
 .text          0x00000000080005b8      0x424 c:/arm_tool/gcc/bin/../lib/gcc/arm-none-eabi/8.2.1/thumb/v7e-m+fp/hard\libgcc.a(_arm_muldivdf3.o)
                0x00000000080005b8                __aeabi_dmul
                0x00000000080005b8                __muldf3
                0x000000000800080c                __divdf3
                0x000000000800080c                __aeabi_ddiv
 .text          0x00000000080009dc      0x110 c:/arm_tool/gcc/bin/../lib/gcc/arm-none-eabi/8.2.1/thumb/v7e-m+fp/hard\libgcc.a(_arm_cmpdf2.o)
                0x00000000080009dc                __gtdf2
                0x00000000080009dc                __gedf2
                0x00000000080009e4                __ltdf2
                0x00000000080009e4                __ledf2
                0x00000000080009ec                __nedf2
                0x00000000080009ec                __eqdf2
                0x00000000080009ec                __cmpdf2
                0x0000000008000a68                __aeabi_cdrcmple
                0x0000000008000a78                __aeabi_cdcmpeq
                0x0000000008000a78                __aeabi_cdcmple
                0x0000000008000a88                __aeabi_dcmpeq
                0x0000000008000a9c                __aeabi_dcmplt
                0x0000000008000ab0                __aeabi_dcmple
                0x0000000008000ac4                __aeabi_dcmpge
                0x0000000008000ad8                __aeabi_dcmpgt
 .text          0x0000000008000aec       0x2c c:/arm_tool/gcc/bin/../lib/gcc/arm-none-eabi/8.2.1/thumb/v7e-m+fp/hard\libgcc.a(_arm_unorddf2.o)
                0x0000000008000aec                __unorddf2
                0x0000000008000aec                __aeabi_dcmpun
 .text          0x0000000008000b18       0x50 c:/arm_tool/gcc/bin/../lib/gcc/arm-none-eabi/8.2.1/thumb/v7e-m+fp/hard\libgcc.a(_arm_fixdfsi.o)
                0x0000000008000b18                __aeabi_d2iz
                0x0000000008000b18                __fixdfsi
 .text          0x0000000008000b68       0x30 c:/arm_tool/gcc/bin/../lib/gcc/arm-none-eabi/8.2.1/thumb/v7e-m+fp/hard\libgcc.a(_aeabi_uldivmod.o)
                0x0000000008000b68                __aeabi_uldivmod
 .text          0x0000000008000b98        0x4 c:/arm_tool/gcc/bin/../lib/gcc/arm-none-eabi/8.2.1/thumb/v7e-m+fp/hard\libgcc.a(_dvmd_tls.o)
                0x0000000008000b98                __aeabi_idiv0
                0x0000000008000b98                __aeabi_ldiv0
 *(.text*)
 .text.deregister_tm_clones
                0x0000000008000b9c       0x1c c:/arm_tool/gcc/bin/../lib/gcc/arm-none-eabi/8.2.1/thumb/v7e-m+fp/hard/crtbegin.o
 .text.register_tm_clones
                0x0000000008000bb8       0x24 c:/arm_tool/gcc/bin/../lib/gcc/arm-none-eabi/8.2.1/thumb/v7e-m+fp/hard/crtbegin.o
 .text.__do_global_dtors_aux
                0x0000000008000bdc       0x28 c:/arm_tool/gcc/bin/../lib/gcc/arm-none-eabi/8.2.1/thumb/v7e-m+fp/hard/crtbegin.o
 .text.frame_dummy
                0x0000000008000c04       0x24 c:/arm_tool/gcc/bin/../lib/gcc/arm-none-eabi/8.2.1/thumb/v7e-m+fp/hard/crtbegin.o
 .text.HAL_TIM_PeriodElapsedCallback
                0x0000000008000c28       0x18 build/main.o
                0x0000000008000c28                HAL_TIM_PeriodElapsedCallback
 .text.Error_Handler
                0x0000000008000c40        0x4 build/main.o
                0x0000000008000c40                Error_Handler
 .text.SystemClock_Config
                0x0000000008000c44       0x88 build/main.o
                0x0000000008000c44                SystemClock_Config
 .text.PeriphCommonClock_Config
                0x0000000008000ccc       0x48 build/main.o
                0x0000000008000ccc                PeriphCommonClock_Config
 .text.main     0x0000000008000d14      0x1d0 build/main.o
                0x0000000008000d14                main
 .text.MX_GPIO_Init
                0x0000000008000ee4      0x164 build/gpio.o
                0x0000000008000ee4                MX_GPIO_Init
 .text.MX_USART2_UART_Init
                0x0000000008001048       0x38 build/usart.o
                0x0000000008001048                MX_USART2_UART_Init
 .text.HAL_UART_MspInit
                0x0000000008001080      0x104 build/usart.o
                0x0000000008001080                HAL_UART_MspInit
 .text.NMI_Handler
                0x0000000008001184        0x2 build/stm32l4xx_it.o
                0x0000000008001184                NMI_Handler
 .text.HardFault_Handler
                0x0000000008001186        0x2 build/stm32l4xx_it.o
                0x0000000008001186                HardFault_Handler
 .text.MemManage_Handler
                0x0000000008001188        0x2 build/stm32l4xx_it.o
                0x0000000008001188                MemManage_Handler
 .text.BusFault_Handler
                0x000000000800118a        0x2 build/stm32l4xx_it.o
                0x000000000800118a                BusFault_Handler
 .text.UsageFault_Handler
                0x000000000800118c        0x2 build/stm32l4xx_it.o
                0x000000000800118c                UsageFault_Handler
 .text.SVC_Handler
                0x000000000800118e        0x2 build/stm32l4xx_it.o
                0x000000000800118e                SVC_Handler
 .text.DebugMon_Handler
                0x0000000008001190        0x2 build/stm32l4xx_it.o
                0x0000000008001190                DebugMon_Handler
 .text.PendSV_Handler
                0x0000000008001192        0x2 build/stm32l4xx_it.o
                0x0000000008001192                PendSV_Handler
 .text.SysTick_Handler
                0x0000000008001194        0x2 build/stm32l4xx_it.o
                0x0000000008001194                SysTick_Handler
 *fill*         0x0000000008001196        0x2 
 .text.DMA1_Channel5_IRQHandler
                0x0000000008001198       0x10 build/stm32l4xx_it.o
                0x0000000008001198                DMA1_Channel5_IRQHandler
 .text.DMA1_Channel6_IRQHandler
                0x00000000080011a8       0x10 build/stm32l4xx_it.o
                0x00000000080011a8                DMA1_Channel6_IRQHandler
 .text.DMA1_Channel7_IRQHandler
                0x00000000080011b8       0x10 build/stm32l4xx_it.o
                0x00000000080011b8                DMA1_Channel7_IRQHandler
 .text.TIM3_IRQHandler
                0x00000000080011c8       0x10 build/stm32l4xx_it.o
                0x00000000080011c8                TIM3_IRQHandler
 .text.SPI2_IRQHandler
                0x00000000080011d8       0x10 build/stm32l4xx_it.o
                0x00000000080011d8                SPI2_IRQHandler
 .text.USART2_IRQHandler
                0x00000000080011e8       0x10 build/stm32l4xx_it.o
                0x00000000080011e8                USART2_IRQHandler
 .text.SPI3_IRQHandler
                0x00000000080011f8       0x10 build/stm32l4xx_it.o
                0x00000000080011f8                SPI3_IRQHandler
 .text.TIM7_IRQHandler
                0x0000000008001208       0x10 build/stm32l4xx_it.o
                0x0000000008001208                TIM7_IRQHandler
 .text.OTG_FS_IRQHandler
                0x0000000008001218       0x10 build/stm32l4xx_it.o
                0x0000000008001218                OTG_FS_IRQHandler
 .text.HAL_MspInit
                0x0000000008001228       0x30 build/stm32l4xx_hal_msp.o
                0x0000000008001228                HAL_MspInit
 .text.HCD_RXQLVL_IRQHandler
                0x0000000008001258       0x9e build/stm32l4xx_hal_hcd.o
 .text.HAL_HCD_HC_Init
                0x00000000080012f6       0x8e build/stm32l4xx_hal_hcd.o
                0x00000000080012f6                HAL_HCD_HC_Init
 .text.HAL_HCD_HC_Halt
                0x0000000008001384       0x24 build/stm32l4xx_hal_hcd.o
                0x0000000008001384                HAL_HCD_HC_Halt
 .text.HAL_HCD_Init
                0x00000000080013a8       0x94 build/stm32l4xx_hal_hcd.o
                0x00000000080013a8                HAL_HCD_Init
 .text.HAL_HCD_HC_SubmitRequest
                0x000000000800143c      0x15e build/stm32l4xx_hal_hcd.o
                0x000000000800143c                HAL_HCD_HC_SubmitRequest
 .text.HCD_Port_IRQHandler
                0x000000000800159a       0xb0 build/stm32l4xx_hal_hcd.o
 .text.HCD_HC_IN_IRQHandler
                0x000000000800164a      0x2b4 build/stm32l4xx_hal_hcd.o
 .text.HCD_HC_OUT_IRQHandler
                0x00000000080018fe      0x278 build/stm32l4xx_hal_hcd.o
 .text.HAL_HCD_IRQHandler
                0x0000000008001b76      0x156 build/stm32l4xx_hal_hcd.o
                0x0000000008001b76                HAL_HCD_IRQHandler
 .text.HAL_HCD_Start
                0x0000000008001ccc       0x2a build/stm32l4xx_hal_hcd.o
                0x0000000008001ccc                HAL_HCD_Start
 .text.HAL_HCD_Stop
                0x0000000008001cf6       0x24 build/stm32l4xx_hal_hcd.o
                0x0000000008001cf6                HAL_HCD_Stop
 .text.HAL_HCD_ResetPort
                0x0000000008001d1a        0xa build/stm32l4xx_hal_hcd.o
                0x0000000008001d1a                HAL_HCD_ResetPort
 .text.HAL_HCD_HC_GetURBState
                0x0000000008001d24        0xc build/stm32l4xx_hal_hcd.o
                0x0000000008001d24                HAL_HCD_HC_GetURBState
 .text.HAL_HCD_HC_GetXferCount
                0x0000000008001d30        0xa build/stm32l4xx_hal_hcd.o
                0x0000000008001d30                HAL_HCD_HC_GetXferCount
 .text.HAL_HCD_GetCurrentFrame
                0x0000000008001d3a        0xa build/stm32l4xx_hal_hcd.o
                0x0000000008001d3a                HAL_HCD_GetCurrentFrame
 .text.HAL_HCD_GetCurrentSpeed
                0x0000000008001d44        0xa build/stm32l4xx_hal_hcd.o
                0x0000000008001d44                HAL_HCD_GetCurrentSpeed
 *fill*         0x0000000008001d4e        0x2 
 .text.USB_CoreReset
                0x0000000008001d50       0x4c build/stm32l4xx_ll_usb.o
 .text.USB_CoreInit
                0x0000000008001d9c       0x36 build/stm32l4xx_ll_usb.o
                0x0000000008001d9c                USB_CoreInit
 .text.USB_EnableGlobalInt
                0x0000000008001dd2        0xc build/stm32l4xx_ll_usb.o
                0x0000000008001dd2                USB_EnableGlobalInt
 .text.USB_DisableGlobalInt
                0x0000000008001dde        0xc build/stm32l4xx_ll_usb.o
                0x0000000008001dde                USB_DisableGlobalInt
 *fill*         0x0000000008001dea        0x2 
 .text.USB_FlushTxFifo
                0x0000000008001dec       0x4c build/stm32l4xx_ll_usb.o
                0x0000000008001dec                USB_FlushTxFifo
 .text.USB_FlushRxFifo
                0x0000000008001e38       0x48 build/stm32l4xx_ll_usb.o
                0x0000000008001e38                USB_FlushRxFifo
 .text.USB_WritePacket
                0x0000000008001e80       0x24 build/stm32l4xx_ll_usb.o
                0x0000000008001e80                USB_WritePacket
 .text.USB_ReadPacket
                0x0000000008001ea4       0x4a build/stm32l4xx_ll_usb.o
                0x0000000008001ea4                USB_ReadPacket
 .text.USB_ReadInterrupts
                0x0000000008001eee        0x8 build/stm32l4xx_ll_usb.o
                0x0000000008001eee                USB_ReadInterrupts
 .text.USB_GetMode
                0x0000000008001ef6        0x8 build/stm32l4xx_ll_usb.o
                0x0000000008001ef6                USB_GetMode
 .text.USB_SetCurrentMode
                0x0000000008001efe       0x62 build/stm32l4xx_ll_usb.o
                0x0000000008001efe                USB_SetCurrentMode
 .text.USB_HostInit
                0x0000000008001f60       0xa0 build/stm32l4xx_ll_usb.o
                0x0000000008001f60                USB_HostInit
 .text.USB_InitFSLSPClkSel
                0x0000000008002000       0x40 build/stm32l4xx_ll_usb.o
                0x0000000008002000                USB_InitFSLSPClkSel
 .text.USB_ResetPort
                0x0000000008002040       0x3e build/stm32l4xx_ll_usb.o
                0x0000000008002040                USB_ResetPort
 .text.USB_DriveVbus
                0x000000000800207e       0x46 build/stm32l4xx_ll_usb.o
                0x000000000800207e                USB_DriveVbus
 .text.USB_GetHostSpeed
                0x00000000080020c4       0x16 build/stm32l4xx_ll_usb.o
                0x00000000080020c4                USB_GetHostSpeed
 .text.USB_GetCurrentFrame
                0x00000000080020da        0xa build/stm32l4xx_ll_usb.o
                0x00000000080020da                USB_GetCurrentFrame
 .text.USB_HC_Init
                0x00000000080020e4      0x112 build/stm32l4xx_ll_usb.o
                0x00000000080020e4                USB_HC_Init
 *fill*         0x00000000080021f6        0x2 
 .text.USB_HC_StartXfer
                0x00000000080021f8      0x110 build/stm32l4xx_ll_usb.o
                0x00000000080021f8                USB_HC_StartXfer
 .text.USB_HC_ReadInterrupt
                0x0000000008002308        0xa build/stm32l4xx_ll_usb.o
                0x0000000008002308                USB_HC_ReadInterrupt
 .text.USB_HC_Halt
                0x0000000008002312       0xdc build/stm32l4xx_ll_usb.o
                0x0000000008002312                USB_HC_Halt
 .text.USB_StopHost
                0x00000000080023ee       0x92 build/stm32l4xx_ll_usb.o
                0x00000000080023ee                USB_StopHost
 .text.HAL_Init
                0x0000000008002480       0x2c build/stm32l4xx_hal.o
                0x0000000008002480                HAL_Init
 .text.HAL_IncTick
                0x00000000080024ac       0x18 build/stm32l4xx_hal.o
                0x00000000080024ac                HAL_IncTick
 .text.HAL_GetTick
                0x00000000080024c4        0xc build/stm32l4xx_hal.o
                0x00000000080024c4                HAL_GetTick
 .text.HAL_Delay
                0x00000000080024d0       0x28 build/stm32l4xx_hal.o
                0x00000000080024d0                HAL_Delay
 .text.RCC_SetFlashLatencyFromMSIRange
                0x00000000080024f8       0x90 build/stm32l4xx_hal_rcc.o
 .text.HAL_RCC_MCOConfig
                0x0000000008002588       0x4c build/stm32l4xx_hal_rcc.o
                0x0000000008002588                HAL_RCC_MCOConfig
 .text.HAL_RCC_GetSysClockFreq
                0x00000000080025d4       0xb4 build/stm32l4xx_hal_rcc.o
                0x00000000080025d4                HAL_RCC_GetSysClockFreq
 .text.HAL_RCC_OscConfig
                0x0000000008002688      0x638 build/stm32l4xx_hal_rcc.o
                0x0000000008002688                HAL_RCC_OscConfig
 .text.HAL_RCC_ClockConfig
                0x0000000008002cc0      0x15c build/stm32l4xx_hal_rcc.o
                0x0000000008002cc0                HAL_RCC_ClockConfig
 .text.HAL_RCC_GetHCLKFreq
                0x0000000008002e1c        0xc build/stm32l4xx_hal_rcc.o
                0x0000000008002e1c                HAL_RCC_GetHCLKFreq
 .text.HAL_RCC_GetPCLK1Freq
                0x0000000008002e28       0x24 build/stm32l4xx_hal_rcc.o
                0x0000000008002e28                HAL_RCC_GetPCLK1Freq
 .text.HAL_RCC_GetPCLK2Freq
                0x0000000008002e4c       0x24 build/stm32l4xx_hal_rcc.o
                0x0000000008002e4c                HAL_RCC_GetPCLK2Freq
 .text.HAL_RCC_GetClockConfig
                0x0000000008002e70       0x3c build/stm32l4xx_hal_rcc.o
                0x0000000008002e70                HAL_RCC_GetClockConfig
 .text.RCCEx_PLLSAI1_Config
                0x0000000008002eac      0x170 build/stm32l4xx_hal_rcc_ex.o
 .text.RCCEx_PLLSAI2_Config
                0x000000000800301c      0x14c build/stm32l4xx_hal_rcc_ex.o
 .text.HAL_RCCEx_PeriphCLKConfig
                0x0000000008003168      0x458 build/stm32l4xx_hal_rcc_ex.o
                0x0000000008003168                HAL_RCCEx_PeriphCLKConfig
 .text.HAL_GPIO_Init
                0x00000000080035c0      0x1d4 build/stm32l4xx_hal_gpio.o
                0x00000000080035c0                HAL_GPIO_Init
 .text.HAL_GPIO_ReadPin
                0x0000000008003794        0xe build/stm32l4xx_hal_gpio.o
                0x0000000008003794                HAL_GPIO_ReadPin
 .text.HAL_GPIO_WritePin
                0x00000000080037a2        0xa build/stm32l4xx_hal_gpio.o
                0x00000000080037a2                HAL_GPIO_WritePin
 .text.HAL_GPIO_TogglePin
                0x00000000080037ac       0x12 build/stm32l4xx_hal_gpio.o
                0x00000000080037ac                HAL_GPIO_TogglePin
 .text.DMA_SetConfig
                0x00000000080037be       0x30 build/stm32l4xx_hal_dma.o
 *fill*         0x00000000080037ee        0x2 
 .text.HAL_DMA_Init
                0x00000000080037f0       0xf8 build/stm32l4xx_hal_dma.o
                0x00000000080037f0                HAL_DMA_Init
 .text.HAL_DMA_Start_IT
                0x00000000080038e8       0x76 build/stm32l4xx_hal_dma.o
                0x00000000080038e8                HAL_DMA_Start_IT
 .text.HAL_DMA_Abort
                0x000000000800395e       0x4a build/stm32l4xx_hal_dma.o
                0x000000000800395e                HAL_DMA_Abort
 .text.HAL_DMA_Abort_IT
                0x00000000080039a8       0x50 build/stm32l4xx_hal_dma.o
                0x00000000080039a8                HAL_DMA_Abort_IT
 .text.HAL_DMA_IRQHandler
                0x00000000080039f8       0xc4 build/stm32l4xx_hal_dma.o
                0x00000000080039f8                HAL_DMA_IRQHandler
 .text.HAL_PWREx_GetVoltageRange
                0x0000000008003abc       0x10 build/stm32l4xx_hal_pwr_ex.o
                0x0000000008003abc                HAL_PWREx_GetVoltageRange
 .text.HAL_PWREx_ControlVoltageScaling
                0x0000000008003acc       0x8c build/stm32l4xx_hal_pwr_ex.o
                0x0000000008003acc                HAL_PWREx_ControlVoltageScaling
 .text.HAL_PWREx_EnableVddUSB
                0x0000000008003b58       0x10 build/stm32l4xx_hal_pwr_ex.o
                0x0000000008003b58                HAL_PWREx_EnableVddUSB
 .text.HAL_NVIC_SetPriorityGrouping
                0x0000000008003b68       0x24 build/stm32l4xx_hal_cortex.o
                0x0000000008003b68                HAL_NVIC_SetPriorityGrouping
 .text.HAL_NVIC_SetPriority
                0x0000000008003b8c       0x68 build/stm32l4xx_hal_cortex.o
                0x0000000008003b8c                HAL_NVIC_SetPriority
 .text.HAL_NVIC_EnableIRQ
                0x0000000008003bf4       0x1c build/stm32l4xx_hal_cortex.o
                0x0000000008003bf4                HAL_NVIC_EnableIRQ
 .text.HAL_TIM_Base_MspInit
                0x0000000008003c10        0x2 build/stm32l4xx_hal_tim.o
                0x0000000008003c10                HAL_TIM_Base_MspInit
 *fill*         0x0000000008003c12        0x2 
 .text.HAL_TIM_Base_Start_IT
                0x0000000008003c14       0x8c build/stm32l4xx_hal_tim.o
                0x0000000008003c14                HAL_TIM_Base_Start_IT
 .text.HAL_TIM_OC_DelayElapsedCallback
                0x0000000008003ca0        0x2 build/stm32l4xx_hal_tim.o
                0x0000000008003ca0                HAL_TIM_OC_DelayElapsedCallback
 .text.HAL_TIM_IC_CaptureCallback
                0x0000000008003ca2        0x2 build/stm32l4xx_hal_tim.o
                0x0000000008003ca2                HAL_TIM_IC_CaptureCallback
 .text.HAL_TIM_PWM_PulseFinishedCallback
                0x0000000008003ca4        0x2 build/stm32l4xx_hal_tim.o
                0x0000000008003ca4                HAL_TIM_PWM_PulseFinishedCallback
 .text.HAL_TIM_TriggerCallback
                0x0000000008003ca6        0x2 build/stm32l4xx_hal_tim.o
                0x0000000008003ca6                HAL_TIM_TriggerCallback
 .text.HAL_TIM_IRQHandler
                0x0000000008003ca8      0x19a build/stm32l4xx_hal_tim.o
                0x0000000008003ca8                HAL_TIM_IRQHandler
 *fill*         0x0000000008003e42        0x2 
 .text.TIM_Base_SetConfig
                0x0000000008003e44       0xc8 build/stm32l4xx_hal_tim.o
                0x0000000008003e44                TIM_Base_SetConfig
 .text.HAL_TIM_Base_Init
                0x0000000008003f0c       0x60 build/stm32l4xx_hal_tim.o
                0x0000000008003f0c                HAL_TIM_Base_Init
 .text.HAL_TIM_OnePulse_Init
                0x0000000008003f6c       0x5c build/stm32l4xx_hal_tim.o
                0x0000000008003f6c                HAL_TIM_OnePulse_Init
 .text.TIM_CCxChannelCmd
                0x0000000008003fc8       0x22 build/stm32l4xx_hal_tim.o
                0x0000000008003fc8                TIM_CCxChannelCmd
 *fill*         0x0000000008003fea        0x2 
 .text.HAL_TIM_PWM_Start
                0x0000000008003fec      0x16c build/stm32l4xx_hal_tim.o
                0x0000000008003fec                HAL_TIM_PWM_Start
 .text.HAL_TIMEx_MasterConfigSynchronization
                0x0000000008004158       0x98 build/stm32l4xx_hal_tim_ex.o
                0x0000000008004158                HAL_TIMEx_MasterConfigSynchronization
 .text.HAL_TIMEx_CommutCallback
                0x00000000080041f0        0x2 build/stm32l4xx_hal_tim_ex.o
                0x00000000080041f0                HAL_TIMEx_CommutCallback
 .text.HAL_TIMEx_BreakCallback
                0x00000000080041f2        0x2 build/stm32l4xx_hal_tim_ex.o
                0x00000000080041f2                HAL_TIMEx_BreakCallback
 .text.HAL_TIMEx_Break2Callback
                0x00000000080041f4        0x2 build/stm32l4xx_hal_tim_ex.o
                0x00000000080041f4                HAL_TIMEx_Break2Callback
 .text.UART_EndTxTransfer
                0x00000000080041f6       0x18 build/stm32l4xx_hal_uart.o
 .text.UART_EndRxTransfer
                0x000000000800420e       0x50 build/stm32l4xx_hal_uart.o
 *fill*         0x000000000800425e        0x2 
 .text.HAL_UART_Transmit_DMA
                0x0000000008004260       0xb8 build/stm32l4xx_hal_uart.o
                0x0000000008004260                HAL_UART_Transmit_DMA
 .text.HAL_UART_TxCpltCallback
                0x0000000008004318        0x2 build/stm32l4xx_hal_uart.o
                0x0000000008004318                HAL_UART_TxCpltCallback
 .text.UART_DMATransmitCplt
                0x000000000800431a       0x48 build/stm32l4xx_hal_uart.o
 .text.UART_EndTransmit_IT
                0x0000000008004362       0x22 build/stm32l4xx_hal_uart.o
 .text.HAL_UART_TxHalfCpltCallback
                0x0000000008004384        0x2 build/stm32l4xx_hal_uart.o
                0x0000000008004384                HAL_UART_TxHalfCpltCallback
 .text.UART_DMATxHalfCplt
                0x0000000008004386        0xa build/stm32l4xx_hal_uart.o
 .text.HAL_UART_ErrorCallback
                0x0000000008004390        0x2 build/stm32l4xx_hal_uart.o
                0x0000000008004390                HAL_UART_ErrorCallback
 .text.UART_DMAError
                0x0000000008004392       0x54 build/stm32l4xx_hal_uart.o
 .text.UART_DMAAbortOnError
                0x00000000080043e6       0x14 build/stm32l4xx_hal_uart.o
 .text.HAL_UARTEx_RxEventCallback
                0x00000000080043fa        0x2 build/stm32l4xx_hal_uart.o
                0x00000000080043fa                HAL_UARTEx_RxEventCallback
 .text.HAL_UART_IRQHandler
                0x00000000080043fc      0x2e0 build/stm32l4xx_hal_uart.o
                0x00000000080043fc                HAL_UART_IRQHandler
 .text.UART_SetConfig
                0x00000000080046dc      0x334 build/stm32l4xx_hal_uart.o
                0x00000000080046dc                UART_SetConfig
 .text.UART_AdvFeatureConfig
                0x0000000008004a10       0xca build/stm32l4xx_hal_uart.o
                0x0000000008004a10                UART_AdvFeatureConfig
 .text.UART_WaitOnFlagUntilTimeout
                0x0000000008004ada       0xca build/stm32l4xx_hal_uart.o
                0x0000000008004ada                UART_WaitOnFlagUntilTimeout
 .text.HAL_UART_Transmit
                0x0000000008004ba4       0xda build/stm32l4xx_hal_uart.o
                0x0000000008004ba4                HAL_UART_Transmit
 .text.UART_CheckIdleState
                0x0000000008004c7e       0x70 build/stm32l4xx_hal_uart.o
                0x0000000008004c7e                UART_CheckIdleState
 .text.HAL_UART_Init
                0x0000000008004cee       0x62 build/stm32l4xx_hal_uart.o
                0x0000000008004cee                HAL_UART_Init
 .text.HAL_UARTEx_WakeupCallback
                0x0000000008004d50        0x2 build/stm32l4xx_hal_uart_ex.o
                0x0000000008004d50                HAL_UARTEx_WakeupCallback
 *fill*         0x0000000008004d52        0x2 
 .text.SystemInit
                0x0000000008004d54       0x48 build/system_stm32l4xx.o
                0x0000000008004d54                SystemInit
 .text.MX_DMA_Init
                0x0000000008004d9c       0x54 build/dma.o
                0x0000000008004d9c                MX_DMA_Init
 .text.HAL_InitTick
                0x0000000008004df0       0x78 build/stm32l4xx_hal_timebase_tim.o
                0x0000000008004df0                HAL_InitTick
 .text.USBH_UserProcess
                0x0000000008004e68       0x2c build/usb_host.o
 .text.USBH_HID_EventCallback
                0x0000000008004e94      0x34c build/usb_host.o
                0x0000000008004e94                USBH_HID_EventCallback
 .text.MX_USB_HOST_Init
                0x00000000080051e0       0x40 build/usb_host.o
                0x00000000080051e0                MX_USB_HOST_Init
 .text.MX_USB_HOST_Process
                0x0000000008005220       0x10 build/usb_host.o
                0x0000000008005220                MX_USB_HOST_Process
 .text.HAL_HCD_MspInit
                0x0000000008005230       0xb4 build/usbh_conf.o
                0x0000000008005230                HAL_HCD_MspInit
 .text.HAL_HCD_SOF_Callback
                0x00000000080052e4        0xc build/usbh_conf.o
                0x00000000080052e4                HAL_HCD_SOF_Callback
 .text.HAL_HCD_Connect_Callback
                0x00000000080052f0        0xc build/usbh_conf.o
                0x00000000080052f0                HAL_HCD_Connect_Callback
 .text.HAL_HCD_Disconnect_Callback
                0x00000000080052fc        0xc build/usbh_conf.o
                0x00000000080052fc                HAL_HCD_Disconnect_Callback
 .text.HAL_HCD_HC_NotifyURBChange_Callback
                0x0000000008005308        0x2 build/usbh_conf.o
                0x0000000008005308                HAL_HCD_HC_NotifyURBChange_Callback
 .text.HAL_HCD_PortEnabled_Callback
                0x000000000800530a        0xc build/usbh_conf.o
                0x000000000800530a                HAL_HCD_PortEnabled_Callback
 .text.HAL_HCD_PortDisabled_Callback
                0x0000000008005316        0xc build/usbh_conf.o
                0x0000000008005316                HAL_HCD_PortDisabled_Callback
 *fill*         0x0000000008005322        0x2 
 .text.USBH_LL_Init
                0x0000000008005324       0x54 build/usbh_conf.o
                0x0000000008005324                USBH_LL_Init
 .text.USBH_LL_GetSpeed
                0x0000000008005378       0x24 build/usbh_conf.o
                0x0000000008005378                USBH_LL_GetSpeed
 .text.USBH_LL_GetLastXferSize
                0x000000000800539c        0xc build/usbh_conf.o
                0x000000000800539c                USBH_LL_GetLastXferSize
 .text.USBH_LL_GetURBState
                0x00000000080053a8        0xc build/usbh_conf.o
                0x00000000080053a8                USBH_LL_GetURBState
 .text.USBH_LL_DriverVBUS
                0x00000000080053b4       0x1c build/usbh_conf.o
                0x00000000080053b4                USBH_LL_DriverVBUS
 .text.USBH_LL_SetToggle
                0x00000000080053d0       0x2a build/usbh_conf.o
                0x00000000080053d0                USBH_LL_SetToggle
 .text.USBH_Delay
                0x00000000080053fa        0x8 build/usbh_conf.o
                0x00000000080053fa                USBH_Delay
 .text.USBH_Get_USB_Status
                0x0000000008005402       0x18 build/usbh_conf.o
                0x0000000008005402                USBH_Get_USB_Status
 .text.USBH_LL_Start
                0x000000000800541a       0x10 build/usbh_conf.o
                0x000000000800541a                USBH_LL_Start
 .text.USBH_LL_Stop
                0x000000000800542a       0x10 build/usbh_conf.o
                0x000000000800542a                USBH_LL_Stop
 .text.USBH_LL_ResetPort
                0x000000000800543a       0x10 build/usbh_conf.o
                0x000000000800543a                USBH_LL_ResetPort
 .text.USBH_LL_OpenPipe
                0x000000000800544a       0x26 build/usbh_conf.o
                0x000000000800544a                USBH_LL_OpenPipe
 .text.USBH_LL_ClosePipe
                0x0000000008005470       0x10 build/usbh_conf.o
                0x0000000008005470                USBH_LL_ClosePipe
 .text.USBH_LL_SubmitURB
                0x0000000008005480       0x2a build/usbh_conf.o
                0x0000000008005480                USBH_LL_SubmitURB
 .text.MX_DriverVbusFS
                0x00000000080054aa       0x18 build/usbh_platform.o
                0x00000000080054aa                MX_DriverVbusFS
 .text.DeInitStateMachine
                0x00000000080054c2       0x54 build/usbh_core.o
 .text.USBH_HandleSof
                0x0000000008005516       0x1a build/usbh_core.o
 .text.USBH_HandleEnum
                0x0000000008005530      0x3f4 build/usbh_core.o
 .text.USBH_Init
                0x0000000008005924       0x58 build/usbh_core.o
                0x0000000008005924                USBH_Init
 .text.USBH_RegisterClass
                0x000000000800597c       0x54 build/usbh_core.o
                0x000000000800597c                USBH_RegisterClass
 .text.USBH_SelectInterface
                0x00000000080059d0       0x88 build/usbh_core.o
                0x00000000080059d0                USBH_SelectInterface
 .text.USBH_FindInterface
                0x0000000008005a58       0xd0 build/usbh_core.o
                0x0000000008005a58                USBH_FindInterface
 .text.USBH_Start
                0x0000000008005b28       0x14 build/usbh_core.o
                0x0000000008005b28                USBH_Start
 .text.USBH_Process
                0x0000000008005b3c      0x3a4 build/usbh_core.o
                0x0000000008005b3c                USBH_Process
 .text.USBH_LL_SetTimer
                0x0000000008005ee0        0x6 build/usbh_core.o
                0x0000000008005ee0                USBH_LL_SetTimer
 .text.USBH_LL_IncTimer
                0x0000000008005ee6       0x12 build/usbh_core.o
                0x0000000008005ee6                USBH_LL_IncTimer
 .text.USBH_LL_PortEnabled
                0x0000000008005ef8        0x8 build/usbh_core.o
                0x0000000008005ef8                USBH_LL_PortEnabled
 .text.USBH_LL_PortDisabled
                0x0000000008005f00        0x8 build/usbh_core.o
                0x0000000008005f00                USBH_LL_PortDisabled
 .text.USBH_LL_Connect
                0x0000000008005f08       0x14 build/usbh_core.o
                0x0000000008005f08                USBH_LL_Connect
 .text.USBH_LL_Disconnect
                0x0000000008005f1c       0x2c build/usbh_core.o
                0x0000000008005f1c                USBH_LL_Disconnect
 .text.USBH_ParseDevDesc
                0x0000000008005f48       0x5c build/usbh_ctlreq.o
 .text.USBH_ParseInterfaceDesc
                0x0000000008005fa4       0x26 build/usbh_ctlreq.o
 .text.USBH_ParseEPDesc
                0x0000000008005fca       0x20 build/usbh_ctlreq.o
 .text.USBH_ParseStringDesc
                0x0000000008005fea       0x34 build/usbh_ctlreq.o
 *fill*         0x000000000800601e        0x2 
 .text.USBH_HandleControl
                0x0000000008006020      0x1f8 build/usbh_ctlreq.o
 .text.USBH_GetNextDesc
                0x0000000008006218        0xe build/usbh_ctlreq.o
                0x0000000008006218                USBH_GetNextDesc
 .text.USBH_ParseCfgDesc
                0x0000000008006226       0xc2 build/usbh_ctlreq.o
 .text.USBH_CtlReq
                0x00000000080062e8       0x44 build/usbh_ctlreq.o
                0x00000000080062e8                USBH_CtlReq
 .text.USBH_GetDescriptor
                0x000000000800632c       0x3c build/usbh_ctlreq.o
                0x000000000800632c                USBH_GetDescriptor
 .text.USBH_Get_DevDesc
                0x0000000008006368       0x32 build/usbh_ctlreq.o
                0x0000000008006368                USBH_Get_DevDesc
 .text.USBH_Get_CfgDesc
                0x000000000800639a       0x32 build/usbh_ctlreq.o
                0x000000000800639a                USBH_Get_CfgDesc
 .text.USBH_Get_StringDesc
                0x00000000080063cc       0x30 build/usbh_ctlreq.o
                0x00000000080063cc                USBH_Get_StringDesc
 .text.USBH_SetAddress
                0x00000000080063fc       0x22 build/usbh_ctlreq.o
                0x00000000080063fc                USBH_SetAddress
 .text.USBH_SetCfg
                0x000000000800641e       0x22 build/usbh_ctlreq.o
                0x000000000800641e                USBH_SetCfg
 .text.USBH_SetFeature
                0x0000000008006440       0x22 build/usbh_ctlreq.o
                0x0000000008006440                USBH_SetFeature
 .text.USBH_ClrFeature
                0x0000000008006462       0x24 build/usbh_ctlreq.o
                0x0000000008006462                USBH_ClrFeature
 .text.USBH_CtlSendSetup
                0x0000000008006486       0x22 build/usbh_ioreq.o
                0x0000000008006486                USBH_CtlSendSetup
 .text.USBH_CtlSendData
                0x00000000080064a8       0x2c build/usbh_ioreq.o
                0x00000000080064a8                USBH_CtlSendData
 .text.USBH_CtlReceiveData
                0x00000000080064d4       0x20 build/usbh_ioreq.o
                0x00000000080064d4                USBH_CtlReceiveData
 .text.USBH_InterruptReceiveData
                0x00000000080064f4       0x20 build/usbh_ioreq.o
                0x00000000080064f4                USBH_InterruptReceiveData
 .text.USBH_GetFreePipe
                0x0000000008006514       0x26 build/usbh_pipes.o
 .text.USBH_OpenPipe
                0x000000000800653a       0x20 build/usbh_pipes.o
                0x000000000800653a                USBH_OpenPipe
 .text.USBH_ClosePipe
                0x000000000800655a        0xa build/usbh_pipes.o
                0x000000000800655a                USBH_ClosePipe
 .text.USBH_AllocPipe
                0x0000000008006564       0x26 build/usbh_pipes.o
                0x0000000008006564                USBH_AllocPipe
 .text.USBH_FreePipe
                0x000000000800658a       0x16 build/usbh_pipes.o
                0x000000000800658a                USBH_FreePipe
 .text.USBH_HID_SOFProcess
                0x00000000080065a0       0x24 build/usbh_hid.o
 .text.USBH_HID_ParseHIDDesc
                0x00000000080065c4       0x5c build/usbh_hid.o
 .text.USBH_HID_InterfaceDeInit
                0x0000000008006620       0x50 build/usbh_hid.o
 .text.USBH_HID_InterfaceInit
                0x0000000008006670      0x200 build/usbh_hid.o
 .text.USBH_HID_GetHIDReportDescriptor
                0x0000000008006870       0x1a build/usbh_hid.o
                0x0000000008006870                USBH_HID_GetHIDReportDescriptor
 .text.USBH_HID_SetIdle
                0x000000000800688a       0x1e build/usbh_hid.o
                0x000000000800688a                USBH_HID_SetIdle
 .text.USBH_HID_GetReport
                0x00000000080068a8       0x22 build/usbh_hid.o
                0x00000000080068a8                USBH_HID_GetReport
 .text.USBH_HID_SetProtocol
                0x00000000080068ca       0x24 build/usbh_hid.o
                0x00000000080068ca                USBH_HID_SetProtocol
 *fill*         0x00000000080068ee        0x2 
 .text.USBH_HID_ClassRequest
                0x00000000080068f0       0xc8 build/usbh_hid.o
 .text.USBH_HID_GetDeviceType
                0x00000000080069b8       0x34 build/usbh_hid.o
                0x00000000080069b8                USBH_HID_GetDeviceType
 .text.USBH_HID_FifoInit
                0x00000000080069ec        0xe build/usbh_hid.o
                0x00000000080069ec                USBH_HID_FifoInit
 .text.USBH_HID_FifoRead
                0x00000000080069fa       0x58 build/usbh_hid.o
                0x00000000080069fa                USBH_HID_FifoRead
 .text.USBH_HID_FifoWrite
                0x0000000008006a52       0x62 build/usbh_hid.o
                0x0000000008006a52                USBH_HID_FifoWrite
 .text.USBH_HID_Process
                0x0000000008006ab4       0xfe build/usbh_hid.o
 *fill*         0x0000000008006bb2        0x2 
 .text.USBH_HID_KeybdDecode
                0x0000000008006bb4       0xc4 build/usbh_hid_keybd.o
 .text.USBH_HID_KeybdInit
                0x0000000008006c78       0x60 build/usbh_hid_keybd.o
                0x0000000008006c78                USBH_HID_KeybdInit
 .text.USBH_HID_GetKeybdInfo
                0x0000000008006cd8       0x14 build/usbh_hid_keybd.o
                0x0000000008006cd8                USBH_HID_GetKeybdInfo
 .text.USBH_HID_MouseDecode
                0x0000000008006cec       0x88 build/usbh_hid_mouse.o
 .text.USBH_HID_MouseInit
                0x0000000008006d74       0x58 build/usbh_hid_mouse.o
                0x0000000008006d74                USBH_HID_MouseInit
 .text.USBH_HID_GetMouseInfo
                0x0000000008006dcc       0x14 build/usbh_hid_mouse.o
                0x0000000008006dcc                USBH_HID_GetMouseInfo
 .text.USBH_HID_GamepadDecode
                0x0000000008006de0       0xdc build/usbh_hid_gamepad.o
 .text.USBH_HID_GetGamepadInfo
                0x0000000008006ebc       0x14 build/usbh_hid_gamepad.o
                0x0000000008006ebc                USBH_HID_GetGamepadInfo
 .text.HID_ReadItem
                0x0000000008006ed0       0x98 build/usbh_hid_parser.o
                0x0000000008006ed0                HID_ReadItem
 .text.HAL_SPI_RxCpltCallback
                0x0000000008006f68       0x2c build/spi.o
                0x0000000008006f68                HAL_SPI_RxCpltCallback
 .text.MX_SPI1_Init
                0x0000000008006f94       0x4c build/spi.o
                0x0000000008006f94                MX_SPI1_Init
 .text.MX_SPI2_Init
                0x0000000008006fe0       0x4c build/spi.o
                0x0000000008006fe0                MX_SPI2_Init
 .text.MX_SPI3_Init
                0x000000000800702c       0x48 build/spi.o
                0x000000000800702c                MX_SPI3_Init
 .text.HAL_SPI_MspInit
                0x0000000008007074      0x15c build/spi.o
                0x0000000008007074                HAL_SPI_MspInit
 .text.SPI_WaitFlagStateUntilTimeout
                0x00000000080071d0       0xd0 build/stm32l4xx_hal_spi.o
 .text.SPI_WaitFifoStateUntilTimeout
                0x00000000080072a0       0xf4 build/stm32l4xx_hal_spi.o
 .text.SPI_EndRxTxTransaction
                0x0000000008007394       0x66 build/stm32l4xx_hal_spi.o
 .text.SPI_EndRxTransaction
                0x00000000080073fa       0x88 build/stm32l4xx_hal_spi.o
 .text.HAL_SPI_Init
                0x0000000008007482       0xde build/stm32l4xx_hal_spi.o
                0x0000000008007482                HAL_SPI_Init
 .text.HAL_SPI_Transmit
                0x0000000008007560      0x1ec build/stm32l4xx_hal_spi.o
                0x0000000008007560                HAL_SPI_Transmit
 .text.HAL_SPI_TransmitReceive_IT
                0x000000000800774c       0xf0 build/stm32l4xx_hal_spi.o
                0x000000000800774c                HAL_SPI_TransmitReceive_IT
 .text.HAL_SPI_Receive_IT
                0x000000000800783c       0xe4 build/stm32l4xx_hal_spi.o
                0x000000000800783c                HAL_SPI_Receive_IT
 .text.HAL_SPI_TxRxCpltCallback
                0x0000000008007920        0x2 build/stm32l4xx_hal_spi.o
                0x0000000008007920                HAL_SPI_TxRxCpltCallback
 .text.HAL_SPI_ErrorCallback
                0x0000000008007922        0x2 build/stm32l4xx_hal_spi.o
                0x0000000008007922                HAL_SPI_ErrorCallback
 .text.SPI_CloseRx_ISR
                0x0000000008007924       0x40 build/stm32l4xx_hal_spi.o
 .text.SPI_RxISR_8BIT
                0x0000000008007964       0x2c build/stm32l4xx_hal_spi.o
 .text.SPI_RxISR_16BIT
                0x0000000008007990       0x2c build/stm32l4xx_hal_spi.o
 .text.SPI_CloseRxTx_ISR
                0x00000000080079bc       0x5e build/stm32l4xx_hal_spi.o
 .text.SPI_2linesTxISR_8BIT
                0x0000000008007a1a       0x58 build/stm32l4xx_hal_spi.o
 .text.SPI_2linesRxISR_8BIT
                0x0000000008007a72       0x76 build/stm32l4xx_hal_spi.o
 .text.SPI_2linesTxISR_16BIT
                0x0000000008007ae8       0x38 build/stm32l4xx_hal_spi.o
 .text.SPI_2linesRxISR_16BIT
                0x0000000008007b20       0x3c build/stm32l4xx_hal_spi.o
 .text.HAL_SPI_IRQHandler
                0x0000000008007b5c      0x11c build/stm32l4xx_hal_spi.o
                0x0000000008007b5c                HAL_SPI_IRQHandler
 .text.SPI_DMAAbortOnError
                0x0000000008007c78       0x12 build/stm32l4xx_hal_spi.o
 *fill*         0x0000000008007c8a        0x2 
 .text.MX_TIM3_Init
                0x0000000008007c8c       0x54 build/tim.o
                0x0000000008007c8c                MX_TIM3_Init
 .text.HAL_TIM_OnePulse_MspInit
                0x0000000008007ce0       0x40 build/tim.o
                0x0000000008007ce0                HAL_TIM_OnePulse_MspInit
 .text.printf_flush
                0x0000000008007d20       0x30 build/retarget.o
                0x0000000008007d20                printf_flush
 .text.sendchar
                0x0000000008007d50       0x24 build/retarget.o
                0x0000000008007d50                sendchar
 .text._write   0x0000000008007d74       0x1c build/retarget.o
                0x0000000008007d74                _write
 .text.epm_5x8_add
                0x0000000008007d90      0x18c build/EPM7064.o
                0x0000000008007d90                epm_5x8_add
 .text.epm_5x8_remove
                0x0000000008007f1c       0xcc build/EPM7064.o
                0x0000000008007f1c                epm_5x8_remove
 .text.epm_5x8_flush_usb
                0x0000000008007fe8       0x40 build/EPM7064.o
                0x0000000008007fe8                epm_5x8_flush_usb
 .text.epm_init
                0x0000000008008028       0x14 build/EPM7064.o
                0x0000000008008028                epm_init
 .text.epm_5x8_flush_ps2
                0x000000000800803c       0x14 build/EPM7064.o
                0x000000000800803c                epm_5x8_flush_ps2
 .text.send_data2cpld
                0x0000000008008050       0x98 build/cpld_spi.o
                0x0000000008008050                send_data2cpld
 .text.cpld_config
                0x00000000080080e8       0x64 build/cpld_spi.o
                0x00000000080080e8                cpld_config
 .text.opt_update
                0x000000000800814c       0x70 build/opt_buttons.o
                0x000000000800814c                opt_update
 .text.opt_reset
                0x00000000080081bc       0x28 build/opt_buttons.o
                0x00000000080081bc                opt_reset
 .text.opt_nmi  0x00000000080081e4       0x28 build/opt_buttons.o
                0x00000000080081e4                opt_nmi
 .text.queue_empty
                0x000000000800820c        0xc build/queue.o
                0x000000000800820c                queue_empty
 .text.queue_init
                0x0000000008008218        0xc build/queue.o
                0x0000000008008218                queue_init
 .text.queue_put
                0x0000000008008224       0x30 build/queue.o
                0x0000000008008224                queue_put
 .text.queue_get
                0x0000000008008254       0x2a build/queue.o
                0x0000000008008254                queue_get
 *fill*         0x000000000800827e        0x2 
 .text.ps2_make
                0x0000000008008280       0x38 build/ps2_keyboard.o
                0x0000000008008280                ps2_make
 .text.ps2_brake
                0x00000000080082b8       0x28 build/ps2_keyboard.o
                0x00000000080082b8                ps2_brake
 .text.ps2_proc
                0x00000000080082e0       0x9c build/ps2_keyboard.o
                0x00000000080082e0                ps2_proc
 .text.ps2_put  0x000000000800837c       0x10 build/ps2_keyboard.o
                0x000000000800837c                ps2_put
 .text.ps2_init
                0x000000000800838c       0x10 build/ps2_keyboard.o
                0x000000000800838c                ps2_init
 .text.sega_gamepad_proc
                0x000000000800839c      0x2e4 build/sega_gamepad.o
                0x000000000800839c                sega_gamepad_proc
 .text.Reset_Handler
                0x0000000008008680       0x50 build/startup_stm32l476xx.o
                0x0000000008008680                Reset_Handler
 .text.Default_Handler
                0x00000000080086d0        0x2 build/startup_stm32l476xx.o
                0x00000000080086d0                RTC_Alarm_IRQHandler
                0x00000000080086d0                EXTI2_IRQHandler
                0x00000000080086d0                TIM8_TRG_COM_IRQHandler
                0x00000000080086d0                TIM8_CC_IRQHandler
                0x00000000080086d0                TIM1_CC_IRQHandler
                0x00000000080086d0                TSC_IRQHandler
                0x00000000080086d0                TAMP_STAMP_IRQHandler
                0x00000000080086d0                EXTI3_IRQHandler
                0x00000000080086d0                LPTIM2_IRQHandler
                0x00000000080086d0                DFSDM1_FLT1_IRQHandler
                0x00000000080086d0                I2C3_ER_IRQHandler
                0x00000000080086d0                DFSDM1_FLT2_IRQHandler
                0x00000000080086d0                EXTI0_IRQHandler
                0x00000000080086d0                I2C2_EV_IRQHandler
                0x00000000080086d0                CAN1_RX0_IRQHandler
                0x00000000080086d0                FPU_IRQHandler
                0x00000000080086d0                TIM1_UP_TIM16_IRQHandler
                0x00000000080086d0                ADC1_2_IRQHandler
                0x00000000080086d0                SPI1_IRQHandler
                0x00000000080086d0                TIM6_DAC_IRQHandler
                0x00000000080086d0                TIM8_UP_IRQHandler
                0x00000000080086d0                DMA2_Channel2_IRQHandler
                0x00000000080086d0                DMA1_Channel4_IRQHandler
                0x00000000080086d0                SAI2_IRQHandler
                0x00000000080086d0                DFSDM1_FLT3_IRQHandler
                0x00000000080086d0                USART3_IRQHandler
                0x00000000080086d0                CAN1_RX1_IRQHandler
                0x00000000080086d0                LCD_IRQHandler
                0x00000000080086d0                UART5_IRQHandler
                0x00000000080086d0                ADC3_IRQHandler
                0x00000000080086d0                TIM4_IRQHandler
                0x00000000080086d0                DMA2_Channel1_IRQHandler
                0x00000000080086d0                QUADSPI_IRQHandler
                0x00000000080086d0                I2C1_EV_IRQHandler
                0x00000000080086d0                UART4_IRQHandler
                0x00000000080086d0                DMA2_Channel4_IRQHandler
                0x00000000080086d0                RCC_IRQHandler
                0x00000000080086d0                DMA1_Channel1_IRQHandler
                0x00000000080086d0                Default_Handler
                0x00000000080086d0                DMA2_Channel7_IRQHandler
                0x00000000080086d0                EXTI15_10_IRQHandler
                0x00000000080086d0                SDMMC1_IRQHandler
                0x00000000080086d0                TIM5_IRQHandler
                0x00000000080086d0                I2C3_EV_IRQHandler
                0x00000000080086d0                EXTI9_5_IRQHandler
                0x00000000080086d0                RTC_WKUP_IRQHandler
                0x00000000080086d0                PVD_PVM_IRQHandler
                0x00000000080086d0                CAN1_TX_IRQHandler
                0x00000000080086d0                DMA2_Channel5_IRQHandler
                0x00000000080086d0                EXTI4_IRQHandler
                0x00000000080086d0                RNG_IRQHandler
                0x00000000080086d0                TIM1_TRG_COM_TIM17_IRQHandler
                0x00000000080086d0                DMA1_Channel3_IRQHandler
                0x00000000080086d0                COMP_IRQHandler
                0x00000000080086d0                WWDG_IRQHandler
                0x00000000080086d0                LPUART1_IRQHandler
                0x00000000080086d0                DMA2_Channel6_IRQHandler
                0x00000000080086d0                TIM2_IRQHandler
                0x00000000080086d0                EXTI1_IRQHandler
                0x00000000080086d0                DFSDM1_FLT0_IRQHandler
                0x00000000080086d0                I2C2_ER_IRQHandler
                0x00000000080086d0                DMA1_Channel2_IRQHandler
                0x00000000080086d0                TIM8_BRK_IRQHandler
                0x00000000080086d0                CAN1_SCE_IRQHandler
                0x00000000080086d0                FLASH_IRQHandler
                0x00000000080086d0                USART1_IRQHandler
                0x00000000080086d0                I2C1_ER_IRQHandler
                0x00000000080086d0                FMC_IRQHandler
                0x00000000080086d0                SWPMI1_IRQHandler
                0x00000000080086d0                LPTIM1_IRQHandler
                0x00000000080086d0                SAI1_IRQHandler
                0x00000000080086d0                DMA2_Channel3_IRQHandler
                0x00000000080086d0                TIM1_BRK_TIM15_IRQHandler
 *fill*         0x00000000080086d2        0x2 
 .text.__libc_init_array
                0x00000000080086d4       0x48 c:/arm_tool/gcc/bin/../lib/gcc/arm-none-eabi/8.2.1/../../../../arm-none-eabi/lib/thumb/v7e-m+fp/hard\libc_nano.a(lib_a-init.o)
                0x00000000080086d4                __libc_init_array
 .text.malloc   0x000000000800871c       0x10 c:/arm_tool/gcc/bin/../lib/gcc/arm-none-eabi/8.2.1/../../../../arm-none-eabi/lib/thumb/v7e-m+fp/hard\libc_nano.a(lib_a-malloc.o)
                0x000000000800871c                malloc
 .text.free     0x000000000800872c       0x10 c:/arm_tool/gcc/bin/../lib/gcc/arm-none-eabi/8.2.1/../../../../arm-none-eabi/lib/thumb/v7e-m+fp/hard\libc_nano.a(lib_a-malloc.o)
                0x000000000800872c                free
 .text.memcmp   0x000000000800873c       0x1c c:/arm_tool/gcc/bin/../lib/gcc/arm-none-eabi/8.2.1/../../../../arm-none-eabi/lib/thumb/v7e-m+fp/hard\libc_nano.a(lib_a-memcmp.o)
                0x000000000800873c                memcmp
 .text.memset   0x0000000008008758       0x10 c:/arm_tool/gcc/bin/../lib/gcc/arm-none-eabi/8.2.1/../../../../arm-none-eabi/lib/thumb/v7e-m+fp/hard\libc_nano.a(lib_a-memset.o)
                0x0000000008008758                memset
 .text._free_r  0x0000000008008768       0x9c c:/arm_tool/gcc/bin/../lib/gcc/arm-none-eabi/8.2.1/../../../../arm-none-eabi/lib/thumb/v7e-m+fp/hard\libc_nano.a(lib_a-nano-freer.o)
                0x0000000008008768                _free_r
 .text._malloc_r
                0x0000000008008804       0xb4 c:/arm_tool/gcc/bin/../lib/gcc/arm-none-eabi/8.2.1/../../../../arm-none-eabi/lib/thumb/v7e-m+fp/hard\libc_nano.a(lib_a-nano-mallocr.o)
                0x0000000008008804                _malloc_r
 .text.__cvt    0x00000000080088b8       0xba c:/arm_tool/gcc/bin/../lib/gcc/arm-none-eabi/8.2.1/../../../../arm-none-eabi/lib/thumb/v7e-m+fp/hard\libc_nano.a(lib_a-nano-vfprintf_float.o)
                0x00000000080088b8                __cvt
 .text.__exponent
                0x0000000008008972       0x64 c:/arm_tool/gcc/bin/../lib/gcc/arm-none-eabi/8.2.1/../../../../arm-none-eabi/lib/thumb/v7e-m+fp/hard\libc_nano.a(lib_a-nano-vfprintf_float.o)
                0x0000000008008972                __exponent
 *fill*         0x00000000080089d6        0x2 
 .text._printf_float
                0x00000000080089d8      0x45c c:/arm_tool/gcc/bin/../lib/gcc/arm-none-eabi/8.2.1/../../../../arm-none-eabi/lib/thumb/v7e-m+fp/hard\libc_nano.a(lib_a-nano-vfprintf_float.o)
                0x00000000080089d8                _printf_float
 .text._printf_common
                0x0000000008008e34       0xea c:/arm_tool/gcc/bin/../lib/gcc/arm-none-eabi/8.2.1/../../../../arm-none-eabi/lib/thumb/v7e-m+fp/hard\libc_nano.a(lib_a-nano-vfprintf_i.o)
                0x0000000008008e34                _printf_common
 *fill*         0x0000000008008f1e        0x2 
 .text._printf_i
                0x0000000008008f20      0x228 c:/arm_tool/gcc/bin/../lib/gcc/arm-none-eabi/8.2.1/../../../../arm-none-eabi/lib/thumb/v7e-m+fp/hard\libc_nano.a(lib_a-nano-vfprintf_i.o)
                0x0000000008008f20                _printf_i
 .text.printf   0x0000000008009148       0x30 c:/arm_tool/gcc/bin/../lib/gcc/arm-none-eabi/8.2.1/../../../../arm-none-eabi/lib/thumb/v7e-m+fp/hard\libc_nano.a(lib_a-printf.o)
                0x0000000008009148                iprintf
                0x0000000008009148                printf
 .text.putchar  0x0000000008009178       0x28 c:/arm_tool/gcc/bin/../lib/gcc/arm-none-eabi/8.2.1/../../../../arm-none-eabi/lib/thumb/v7e-m+fp/hard\libc_nano.a(lib_a-putchar.o)
                0x0000000008009178                putchar
 .text._puts_r  0x00000000080091a0       0xdc c:/arm_tool/gcc/bin/../lib/gcc/arm-none-eabi/8.2.1/../../../../arm-none-eabi/lib/thumb/v7e-m+fp/hard\libc_nano.a(lib_a-puts.o)
                0x00000000080091a0                _puts_r
 .text.puts     0x000000000800927c       0x10 c:/arm_tool/gcc/bin/../lib/gcc/arm-none-eabi/8.2.1/../../../../arm-none-eabi/lib/thumb/v7e-m+fp/hard\libc_nano.a(lib_a-puts.o)
                0x000000000800927c                puts
 .text._sbrk_r  0x000000000800928c       0x20 c:/arm_tool/gcc/bin/../lib/gcc/arm-none-eabi/8.2.1/../../../../arm-none-eabi/lib/thumb/v7e-m+fp/hard\libc_nano.a(lib_a-sbrkr.o)
                0x000000000800928c                _sbrk_r
 .text.__swbuf_r
                0x00000000080092ac       0xa4 c:/arm_tool/gcc/bin/../lib/gcc/arm-none-eabi/8.2.1/../../../../arm-none-eabi/lib/thumb/v7e-m+fp/hard\libc_nano.a(lib_a-wbuf.o)
                0x00000000080092ac                __swbuf_r
 .text.__swsetup_r
                0x0000000008009350       0xdc c:/arm_tool/gcc/bin/../lib/gcc/arm-none-eabi/8.2.1/../../../../arm-none-eabi/lib/thumb/v7e-m+fp/hard\libc_nano.a(lib_a-wsetup.o)
                0x0000000008009350                __swsetup_r
 .text.quorem   0x000000000800942c      0x112 c:/arm_tool/gcc/bin/../lib/gcc/arm-none-eabi/8.2.1/../../../../arm-none-eabi/lib/thumb/v7e-m+fp/hard\libc_nano.a(lib_a-dtoa.o)
 *fill*         0x000000000800953e        0x2 
 .text._dtoa_r  0x0000000008009540      0xb74 c:/arm_tool/gcc/bin/../lib/gcc/arm-none-eabi/8.2.1/../../../../arm-none-eabi/lib/thumb/v7e-m+fp/hard\libc_nano.a(lib_a-dtoa.o)
                0x0000000008009540                _dtoa_r
 .text.__sflush_r
                0x000000000800a0b4      0x10c c:/arm_tool/gcc/bin/../lib/gcc/arm-none-eabi/8.2.1/../../../../arm-none-eabi/lib/thumb/v7e-m+fp/hard\libc_nano.a(lib_a-fflush.o)
                0x000000000800a0b4                __sflush_r
 .text._fflush_r
                0x000000000800a1c0       0x78 c:/arm_tool/gcc/bin/../lib/gcc/arm-none-eabi/8.2.1/../../../../arm-none-eabi/lib/thumb/v7e-m+fp/hard\libc_nano.a(lib_a-fflush.o)
                0x000000000800a1c0                _fflush_r
 .text.std      0x000000000800a238       0x48 c:/arm_tool/gcc/bin/../lib/gcc/arm-none-eabi/8.2.1/../../../../arm-none-eabi/lib/thumb/v7e-m+fp/hard\libc_nano.a(lib_a-findfp.o)
 .text._cleanup_r
                0x000000000800a280        0xc c:/arm_tool/gcc/bin/../lib/gcc/arm-none-eabi/8.2.1/../../../../arm-none-eabi/lib/thumb/v7e-m+fp/hard\libc_nano.a(lib_a-findfp.o)
                0x000000000800a280                _cleanup_r
 .text.__sfmoreglue
                0x000000000800a28c       0x2c c:/arm_tool/gcc/bin/../lib/gcc/arm-none-eabi/8.2.1/../../../../arm-none-eabi/lib/thumb/v7e-m+fp/hard\libc_nano.a(lib_a-findfp.o)
                0x000000000800a28c                __sfmoreglue
 .text.__sfp_lock_acquire
                0x000000000800a2b8        0xc c:/arm_tool/gcc/bin/../lib/gcc/arm-none-eabi/8.2.1/../../../../arm-none-eabi/lib/thumb/v7e-m+fp/hard\libc_nano.a(lib_a-findfp.o)
                0x000000000800a2b8                __sfp_lock_acquire
 .text.__sfp_lock_release
                0x000000000800a2c4        0xc c:/arm_tool/gcc/bin/../lib/gcc/arm-none-eabi/8.2.1/../../../../arm-none-eabi/lib/thumb/v7e-m+fp/hard\libc_nano.a(lib_a-findfp.o)
                0x000000000800a2c4                __sfp_lock_release
 .text.__sinit_lock_acquire
                0x000000000800a2d0        0xc c:/arm_tool/gcc/bin/../lib/gcc/arm-none-eabi/8.2.1/../../../../arm-none-eabi/lib/thumb/v7e-m+fp/hard\libc_nano.a(lib_a-findfp.o)
                0x000000000800a2d0                __sinit_lock_acquire
 .text.__sinit_lock_release
                0x000000000800a2dc        0xc c:/arm_tool/gcc/bin/../lib/gcc/arm-none-eabi/8.2.1/../../../../arm-none-eabi/lib/thumb/v7e-m+fp/hard\libc_nano.a(lib_a-findfp.o)
                0x000000000800a2dc                __sinit_lock_release
 .text.__sinit  0x000000000800a2e8       0x70 c:/arm_tool/gcc/bin/../lib/gcc/arm-none-eabi/8.2.1/../../../../arm-none-eabi/lib/thumb/v7e-m+fp/hard\libc_nano.a(lib_a-findfp.o)
                0x000000000800a2e8                __sinit
 .text.__sfp    0x000000000800a358       0x8c c:/arm_tool/gcc/bin/../lib/gcc/arm-none-eabi/8.2.1/../../../../arm-none-eabi/lib/thumb/v7e-m+fp/hard\libc_nano.a(lib_a-findfp.o)
                0x000000000800a358                __sfp
 .text._fwalk_reent
                0x000000000800a3e4       0x3c c:/arm_tool/gcc/bin/../lib/gcc/arm-none-eabi/8.2.1/../../../../arm-none-eabi/lib/thumb/v7e-m+fp/hard\libc_nano.a(lib_a-fwalk.o)
                0x000000000800a3e4                _fwalk_reent
 .text._localeconv_r
                0x000000000800a420        0x8 c:/arm_tool/gcc/bin/../lib/gcc/arm-none-eabi/8.2.1/../../../../arm-none-eabi/lib/thumb/v7e-m+fp/hard\libc_nano.a(lib_a-localeconv.o)
                0x000000000800a420                _localeconv_r
 .text.__retarget_lock_init_recursive
                0x000000000800a428        0x2 c:/arm_tool/gcc/bin/../lib/gcc/arm-none-eabi/8.2.1/../../../../arm-none-eabi/lib/thumb/v7e-m+fp/hard\libc_nano.a(lib_a-lock.o)
                0x000000000800a428                __retarget_lock_init_recursive
 .text.__retarget_lock_acquire_recursive
                0x000000000800a42a        0x2 c:/arm_tool/gcc/bin/../lib/gcc/arm-none-eabi/8.2.1/../../../../arm-none-eabi/lib/thumb/v7e-m+fp/hard\libc_nano.a(lib_a-lock.o)
                0x000000000800a42a                __retarget_lock_acquire_recursive
 .text.__retarget_lock_release_recursive
                0x000000000800a42c        0x2 c:/arm_tool/gcc/bin/../lib/gcc/arm-none-eabi/8.2.1/../../../../arm-none-eabi/lib/thumb/v7e-m+fp/hard\libc_nano.a(lib_a-lock.o)
                0x000000000800a42c                __retarget_lock_release_recursive
 .text.__swhatbuf_r
                0x000000000800a42e       0x48 c:/arm_tool/gcc/bin/../lib/gcc/arm-none-eabi/8.2.1/../../../../arm-none-eabi/lib/thumb/v7e-m+fp/hard\libc_nano.a(lib_a-makebuf.o)
                0x000000000800a42e                __swhatbuf_r
 *fill*         0x000000000800a476        0x2 
 .text.__smakebuf_r
                0x000000000800a478       0x80 c:/arm_tool/gcc/bin/../lib/gcc/arm-none-eabi/8.2.1/../../../../arm-none-eabi/lib/thumb/v7e-m+fp/hard\libc_nano.a(lib_a-makebuf.o)
                0x000000000800a478                __smakebuf_r
 .text.memcpy   0x000000000800a4f8       0x1c c:/arm_tool/gcc/bin/../lib/gcc/arm-none-eabi/8.2.1/../../../../arm-none-eabi/lib/thumb/v7e-m+fp/hard\libc_nano.a(lib_a-memcpy-stub.o)
                0x000000000800a4f8                memcpy
 .text.__malloc_lock
                0x000000000800a514        0xc c:/arm_tool/gcc/bin/../lib/gcc/arm-none-eabi/8.2.1/../../../../arm-none-eabi/lib/thumb/v7e-m+fp/hard\libc_nano.a(lib_a-mlock.o)
                0x000000000800a514                __malloc_lock
 .text.__malloc_unlock
                0x000000000800a520        0xc c:/arm_tool/gcc/bin/../lib/gcc/arm-none-eabi/8.2.1/../../../../arm-none-eabi/lib/thumb/v7e-m+fp/hard\libc_nano.a(lib_a-mlock.o)
                0x000000000800a520                __malloc_unlock
 .text._Balloc  0x000000000800a52c       0x68 c:/arm_tool/gcc/bin/../lib/gcc/arm-none-eabi/8.2.1/../../../../arm-none-eabi/lib/thumb/v7e-m+fp/hard\libc_nano.a(lib_a-mprec.o)
                0x000000000800a52c                _Balloc
 .text._Bfree   0x000000000800a594       0x2e c:/arm_tool/gcc/bin/../lib/gcc/arm-none-eabi/8.2.1/../../../../arm-none-eabi/lib/thumb/v7e-m+fp/hard\libc_nano.a(lib_a-mprec.o)
                0x000000000800a594                _Bfree
 .text.__multadd
                0x000000000800a5c2       0x76 c:/arm_tool/gcc/bin/../lib/gcc/arm-none-eabi/8.2.1/../../../../arm-none-eabi/lib/thumb/v7e-m+fp/hard\libc_nano.a(lib_a-mprec.o)
                0x000000000800a5c2                __multadd
 .text.__hi0bits
                0x000000000800a638       0x40 c:/arm_tool/gcc/bin/../lib/gcc/arm-none-eabi/8.2.1/../../../../arm-none-eabi/lib/thumb/v7e-m+fp/hard\libc_nano.a(lib_a-mprec.o)
                0x000000000800a638                __hi0bits
 .text.__lo0bits
                0x000000000800a678       0x60 c:/arm_tool/gcc/bin/../lib/gcc/arm-none-eabi/8.2.1/../../../../arm-none-eabi/lib/thumb/v7e-m+fp/hard\libc_nano.a(lib_a-mprec.o)
                0x000000000800a678                __lo0bits
 .text.__i2b    0x000000000800a6d8       0x12 c:/arm_tool/gcc/bin/../lib/gcc/arm-none-eabi/8.2.1/../../../../arm-none-eabi/lib/thumb/v7e-m+fp/hard\libc_nano.a(lib_a-mprec.o)
                0x000000000800a6d8                __i2b
 .text.__multiply
                0x000000000800a6ea      0x120 c:/arm_tool/gcc/bin/../lib/gcc/arm-none-eabi/8.2.1/../../../../arm-none-eabi/lib/thumb/v7e-m+fp/hard\libc_nano.a(lib_a-mprec.o)
                0x000000000800a6ea                __multiply
 *fill*         0x000000000800a80a        0x2 
 .text.__pow5mult
                0x000000000800a80c       0x9c c:/arm_tool/gcc/bin/../lib/gcc/arm-none-eabi/8.2.1/../../../../arm-none-eabi/lib/thumb/v7e-m+fp/hard\libc_nano.a(lib_a-mprec.o)
                0x000000000800a80c                __pow5mult
 .text.__lshift
                0x000000000800a8a8       0xa6 c:/arm_tool/gcc/bin/../lib/gcc/arm-none-eabi/8.2.1/../../../../arm-none-eabi/lib/thumb/v7e-m+fp/hard\libc_nano.a(lib_a-mprec.o)
                0x000000000800a8a8                __lshift
 .text.__mcmp   0x000000000800a94e       0x34 c:/arm_tool/gcc/bin/../lib/gcc/arm-none-eabi/8.2.1/../../../../arm-none-eabi/lib/thumb/v7e-m+fp/hard\libc_nano.a(lib_a-mprec.o)
                0x000000000800a94e                __mcmp
 .text.__mdiff  0x000000000800a982       0xba c:/arm_tool/gcc/bin/../lib/gcc/arm-none-eabi/8.2.1/../../../../arm-none-eabi/lib/thumb/v7e-m+fp/hard\libc_nano.a(lib_a-mprec.o)
                0x000000000800a982                __mdiff
 .text.__d2b    0x000000000800aa3c       0x9c c:/arm_tool/gcc/bin/../lib/gcc/arm-none-eabi/8.2.1/../../../../arm-none-eabi/lib/thumb/v7e-m+fp/hard\libc_nano.a(lib_a-mprec.o)
                0x000000000800aa3c                __d2b
 .text._calloc_r
                0x000000000800aad8       0x1c c:/arm_tool/gcc/bin/../lib/gcc/arm-none-eabi/8.2.1/../../../../arm-none-eabi/lib/thumb/v7e-m+fp/hard\libc_nano.a(lib_a-nano-callocr.o)
                0x000000000800aad8                _calloc_r
 .text.__sfputc_r
                0x000000000800aaf4       0x2e c:/arm_tool/gcc/bin/../lib/gcc/arm-none-eabi/8.2.1/../../../../arm-none-eabi/lib/thumb/v7e-m+fp/hard\libc_nano.a(lib_a-nano-vfprintf.o)
 .text.__sfputs_r
                0x000000000800ab22       0x24 c:/arm_tool/gcc/bin/../lib/gcc/arm-none-eabi/8.2.1/../../../../arm-none-eabi/lib/thumb/v7e-m+fp/hard\libc_nano.a(lib_a-nano-vfprintf.o)
                0x000000000800ab22                __sfputs_r
 *fill*         0x000000000800ab46        0x2 
 .text._vfprintf_r
                0x000000000800ab48      0x250 c:/arm_tool/gcc/bin/../lib/gcc/arm-none-eabi/8.2.1/../../../../arm-none-eabi/lib/thumb/v7e-m+fp/hard\libc_nano.a(lib_a-nano-vfprintf.o)
                0x000000000800ab48                _vfprintf_r
                0x000000000800ab48                _vfiprintf_r
 .text._putc_r  0x000000000800ad98       0x90 c:/arm_tool/gcc/bin/../lib/gcc/arm-none-eabi/8.2.1/../../../../arm-none-eabi/lib/thumb/v7e-m+fp/hard\libc_nano.a(lib_a-putc.o)
                0x000000000800ad98                _putc_r
 .text.__sread  0x000000000800ae28       0x22 c:/arm_tool/gcc/bin/../lib/gcc/arm-none-eabi/8.2.1/../../../../arm-none-eabi/lib/thumb/v7e-m+fp/hard\libc_nano.a(lib_a-stdio.o)
                0x000000000800ae28                __sread
 .text.__swrite
                0x000000000800ae4a       0x38 c:/arm_tool/gcc/bin/../lib/gcc/arm-none-eabi/8.2.1/../../../../arm-none-eabi/lib/thumb/v7e-m+fp/hard\libc_nano.a(lib_a-stdio.o)
                0x000000000800ae4a                __swrite
 .text.__sseek  0x000000000800ae82       0x24 c:/arm_tool/gcc/bin/../lib/gcc/arm-none-eabi/8.2.1/../../../../arm-none-eabi/lib/thumb/v7e-m+fp/hard\libc_nano.a(lib_a-stdio.o)
                0x000000000800ae82                __sseek
 .text.__sclose
                0x000000000800aea6        0x8 c:/arm_tool/gcc/bin/../lib/gcc/arm-none-eabi/8.2.1/../../../../arm-none-eabi/lib/thumb/v7e-m+fp/hard\libc_nano.a(lib_a-stdio.o)
                0x000000000800aea6                __sclose
 *fill*         0x000000000800aeae        0x2 
 .text._write_r
                0x000000000800aeb0       0x24 c:/arm_tool/gcc/bin/../lib/gcc/arm-none-eabi/8.2.1/../../../../arm-none-eabi/lib/thumb/v7e-m+fp/hard\libc_nano.a(lib_a-writer.o)
                0x000000000800aeb0                _write_r
 .text._close_r
                0x000000000800aed4       0x20 c:/arm_tool/gcc/bin/../lib/gcc/arm-none-eabi/8.2.1/../../../../arm-none-eabi/lib/thumb/v7e-m+fp/hard\libc_nano.a(lib_a-closer.o)
                0x000000000800aed4                _close_r
 .text._fstat_r
                0x000000000800aef4       0x24 c:/arm_tool/gcc/bin/../lib/gcc/arm-none-eabi/8.2.1/../../../../arm-none-eabi/lib/thumb/v7e-m+fp/hard\libc_nano.a(lib_a-fstatr.o)
                0x000000000800aef4                _fstat_r
 .text._isatty_r
                0x000000000800af18       0x20 c:/arm_tool/gcc/bin/../lib/gcc/arm-none-eabi/8.2.1/../../../../arm-none-eabi/lib/thumb/v7e-m+fp/hard\libc_nano.a(lib_a-isattyr.o)
                0x000000000800af18                _isatty_r
 .text._lseek_r
                0x000000000800af38       0x24 c:/arm_tool/gcc/bin/../lib/gcc/arm-none-eabi/8.2.1/../../../../arm-none-eabi/lib/thumb/v7e-m+fp/hard\libc_nano.a(lib_a-lseekr.o)
                0x000000000800af38                _lseek_r
 .text.__ascii_mbtowc
                0x000000000800af5c       0x24 c:/arm_tool/gcc/bin/../lib/gcc/arm-none-eabi/8.2.1/../../../../arm-none-eabi/lib/thumb/v7e-m+fp/hard\libc_nano.a(lib_a-mbtowc_r.o)
                0x000000000800af5c                __ascii_mbtowc
 .text._read_r  0x000000000800af80       0x24 c:/arm_tool/gcc/bin/../lib/gcc/arm-none-eabi/8.2.1/../../../../arm-none-eabi/lib/thumb/v7e-m+fp/hard\libc_nano.a(lib_a-readr.o)
                0x000000000800af80                _read_r
 .text.__ascii_wctomb
                0x000000000800afa4       0x1a c:/arm_tool/gcc/bin/../lib/gcc/arm-none-eabi/8.2.1/../../../../arm-none-eabi/lib/thumb/v7e-m+fp/hard\libc_nano.a(lib_a-wctomb_r.o)
                0x000000000800afa4                __ascii_wctomb
 *fill*         0x000000000800afbe        0x2 
 .text._close   0x000000000800afc0       0x10 c:/arm_tool/gcc/bin/../lib/gcc/arm-none-eabi/8.2.1/../../../../arm-none-eabi/lib/thumb/v7e-m+fp/hard\libnosys.a(close.o)
                0x000000000800afc0                _close
 .text._fstat   0x000000000800afd0       0x10 c:/arm_tool/gcc/bin/../lib/gcc/arm-none-eabi/8.2.1/../../../../arm-none-eabi/lib/thumb/v7e-m+fp/hard\libnosys.a(fstat.o)
                0x000000000800afd0                _fstat
 .text._isatty  0x000000000800afe0       0x10 c:/arm_tool/gcc/bin/../lib/gcc/arm-none-eabi/8.2.1/../../../../arm-none-eabi/lib/thumb/v7e-m+fp/hard\libnosys.a(isatty.o)
                0x000000000800afe0                _isatty
 .text._lseek   0x000000000800aff0       0x10 c:/arm_tool/gcc/bin/../lib/gcc/arm-none-eabi/8.2.1/../../../../arm-none-eabi/lib/thumb/v7e-m+fp/hard\libnosys.a(lseek.o)
                0x000000000800aff0                _lseek
 .text._read    0x000000000800b000       0x10 c:/arm_tool/gcc/bin/../lib/gcc/arm-none-eabi/8.2.1/../../../../arm-none-eabi/lib/thumb/v7e-m+fp/hard\libnosys.a(read.o)
                0x000000000800b000                _read
 .text._sbrk    0x000000000800b010       0x1c c:/arm_tool/gcc/bin/../lib/gcc/arm-none-eabi/8.2.1/../../../../arm-none-eabi/lib/thumb/v7e-m+fp/hard\libnosys.a(sbrk.o)
                0x000000000800b010                _sbrk
 .text.__udivmoddi4
                0x000000000800b02c      0x2d0 c:/arm_tool/gcc/bin/../lib/gcc/arm-none-eabi/8.2.1/thumb/v7e-m+fp/hard\libgcc.a(_udivmoddi4.o)
                0x000000000800b02c                __udivmoddi4
 *(.glue_7)
 .glue_7        0x000000000800b2fc        0x0 linker stubs
 *(.glue_7t)
 .glue_7t       0x000000000800b2fc        0x0 linker stubs
 *(.eh_frame)
 .eh_frame      0x000000000800b2fc        0x0 c:/arm_tool/gcc/bin/../lib/gcc/arm-none-eabi/8.2.1/thumb/v7e-m+fp/hard/crtbegin.o
 *(.init)
 .init          0x000000000800b2fc        0x4 c:/arm_tool/gcc/bin/../lib/gcc/arm-none-eabi/8.2.1/thumb/v7e-m+fp/hard/crti.o
                0x000000000800b2fc                _init
 .init          0x000000000800b300        0x8 c:/arm_tool/gcc/bin/../lib/gcc/arm-none-eabi/8.2.1/thumb/v7e-m+fp/hard/crtn.o
 *(.fini)
 .fini          0x000000000800b308        0x4 c:/arm_tool/gcc/bin/../lib/gcc/arm-none-eabi/8.2.1/thumb/v7e-m+fp/hard/crti.o
                0x000000000800b308                _fini
 .fini          0x000000000800b30c        0x8 c:/arm_tool/gcc/bin/../lib/gcc/arm-none-eabi/8.2.1/thumb/v7e-m+fp/hard/crtn.o
                0x000000000800b318                . = ALIGN (0x8)
 *fill*         0x000000000800b314        0x4 
                0x000000000800b318                _etext = .

.vfp11_veneer   0x000000000800b318        0x0
 .vfp11_veneer  0x000000000800b318        0x0 linker stubs

.v4_bx          0x000000000800b318        0x0
 .v4_bx         0x000000000800b318        0x0 linker stubs

.iplt           0x000000000800b318        0x0
 .iplt          0x000000000800b318        0x0 c:/arm_tool/gcc/bin/../lib/gcc/arm-none-eabi/8.2.1/thumb/v7e-m+fp/hard/crtbegin.o

.rodata         0x000000000800b318      0xdb0
                0x000000000800b318                . = ALIGN (0x8)
 *(.rodata)
 *(.rodata*)
 .rodata.main.str1.4
                0x000000000800b318       0x9e build/main.o
 *fill*         0x000000000800b3b6        0x2 
 .rodata.AHBPrescTable
                0x000000000800b3b8       0x10 build/system_stm32l4xx.o
                0x000000000800b3b8                AHBPrescTable
 .rodata.APBPrescTable
                0x000000000800b3c8        0x8 build/system_stm32l4xx.o
                0x000000000800b3c8                APBPrescTable
 .rodata.MSIRangeTable
                0x000000000800b3d0       0x30 build/system_stm32l4xx.o
                0x000000000800b3d0                MSIRangeTable
 .rodata.USBH_HID_EventCallback.str1.4
                0x000000000800b400       0xcb build/usb_host.o
 *fill*         0x000000000800b4cb        0x1 
 .rodata.USBH_FindInterface.str1.4
                0x000000000800b4cc       0x6c build/usbh_core.o
 .rodata.USBH_HandleEnum.str1.4
                0x000000000800b538      0x1d0 build/usbh_core.o
 .rodata.USBH_Init.str1.4
                0x000000000800b708       0x14 build/usbh_core.o
 .rodata.USBH_Process.str1.4
                0x000000000800b71c      0x1c4 build/usbh_core.o
 .rodata.USBH_RegisterClass.str1.4
                0x000000000800b8e0       0x31 build/usbh_core.o
 *fill*         0x000000000800b911        0x3 
 .rodata.USBH_SelectInterface.str1.4
                0x000000000800b914       0x6e build/usbh_core.o
 *fill*         0x000000000800b982        0x2 
 .rodata.USBH_HandleControl.str1.4
                0x000000000800b984       0x25 build/usbh_ctlreq.o
                                         0x2d (size before relaxing)
 *fill*         0x000000000800b9a9        0x3 
 .rodata.USBH_HID_ClassRequest.str1.4
                0x000000000800b9ac       0x77 build/usbh_hid.o
                                         0x7f (size before relaxing)
 *fill*         0x000000000800ba23        0x1 
 .rodata.USBH_HID_InterfaceInit.str1.4
                0x000000000800ba24       0xd0 build/usbh_hid.o
 .rodata.str1.4
                0x000000000800baf4        0x4 build/usbh_hid.o
 .rodata.imp_0_key_array
                0x000000000800baf8       0x20 build/usbh_hid_keybd.o
 .rodata.imp_0_lalt
                0x000000000800bb18       0x20 build/usbh_hid_keybd.o
 .rodata.imp_0_lctrl
                0x000000000800bb38       0x20 build/usbh_hid_keybd.o
 .rodata.imp_0_lgui
                0x000000000800bb58       0x20 build/usbh_hid_keybd.o
 .rodata.imp_0_lshift
                0x000000000800bb78       0x20 build/usbh_hid_keybd.o
 .rodata.imp_0_ralt
                0x000000000800bb98       0x20 build/usbh_hid_keybd.o
 .rodata.imp_0_rctrl
                0x000000000800bbb8       0x20 build/usbh_hid_keybd.o
 .rodata.imp_0_rgui
                0x000000000800bbd8       0x20 build/usbh_hid_keybd.o
 .rodata.imp_0_rshift
                0x000000000800bbf8       0x20 build/usbh_hid_keybd.o
 .rodata.prop_b1
                0x000000000800bc18       0x20 build/usbh_hid_mouse.o
 .rodata.prop_b2
                0x000000000800bc38       0x20 build/usbh_hid_mouse.o
 .rodata.prop_b3
                0x000000000800bc58       0x20 build/usbh_hid_mouse.o
 .rodata.prop_w
                0x000000000800bc78       0x20 build/usbh_hid_mouse.o
 .rodata.prop_x
                0x000000000800bc98       0x20 build/usbh_hid_mouse.o
 .rodata.prop_y
                0x000000000800bcb8       0x20 build/usbh_hid_mouse.o
 .rodata.epm_5x8_add.str1.4
                0x000000000800bcd8       0xa9 build/EPM7064.o
 *fill*         0x000000000800bd81        0x3 
 .rodata.cpld_config.str1.4
                0x000000000800bd84       0x11 build/cpld_spi.o
 *fill*         0x000000000800bd95        0x3 
 .rodata.opt_nmi.str1.4
                0x000000000800bd98       0x15 build/opt_buttons.o
 *fill*         0x000000000800bdad        0x3 
 .rodata.opt_reset.str1.4
                0x000000000800bdb0       0x17 build/opt_buttons.o
 *fill*         0x000000000800bdc7        0x1 
 .rodata.opt_update.str1.4
                0x000000000800bdc8       0x25 build/opt_buttons.o
 *fill*         0x000000000800bded        0x3 
 .rodata.ps2_make.str1.4
                0x000000000800bdf0       0x18 build/ps2_keyboard.o
                                         0x15 (size before relaxing)
 .rodata._global_impure_ptr
                0x000000000800be08        0x4 c:/arm_tool/gcc/bin/../lib/gcc/arm-none-eabi/8.2.1/../../../../arm-none-eabi/lib/thumb/v7e-m+fp/hard\libc_nano.a(lib_a-impure.o)
                0x000000000800be08                _global_impure_ptr
 .rodata._printf_float.str1.1
                0x000000000800be0c       0x12 c:/arm_tool/gcc/bin/../lib/gcc/arm-none-eabi/8.2.1/../../../../arm-none-eabi/lib/thumb/v7e-m+fp/hard\libc_nano.a(lib_a-nano-vfprintf_float.o)
 .rodata._printf_i.str1.1
                0x000000000800be1e       0x22 c:/arm_tool/gcc/bin/../lib/gcc/arm-none-eabi/8.2.1/../../../../arm-none-eabi/lib/thumb/v7e-m+fp/hard\libc_nano.a(lib_a-nano-vfprintf_i.o)
 .rodata._dtoa_r.str1.1
                0x000000000800be40        0xd c:/arm_tool/gcc/bin/../lib/gcc/arm-none-eabi/8.2.1/../../../../arm-none-eabi/lib/thumb/v7e-m+fp/hard\libc_nano.a(lib_a-dtoa.o)
                                          0xf (size before relaxing)
 *fill*         0x000000000800be4d        0x3 
 .rodata.__sf_fake_stderr
                0x000000000800be50       0x20 c:/arm_tool/gcc/bin/../lib/gcc/arm-none-eabi/8.2.1/../../../../arm-none-eabi/lib/thumb/v7e-m+fp/hard\libc_nano.a(lib_a-findfp.o)
                0x000000000800be50                __sf_fake_stderr
 .rodata.__sf_fake_stdin
                0x000000000800be70       0x20 c:/arm_tool/gcc/bin/../lib/gcc/arm-none-eabi/8.2.1/../../../../arm-none-eabi/lib/thumb/v7e-m+fp/hard\libc_nano.a(lib_a-findfp.o)
                0x000000000800be70                __sf_fake_stdin
 .rodata.__sf_fake_stdout
                0x000000000800be90       0x20 c:/arm_tool/gcc/bin/../lib/gcc/arm-none-eabi/8.2.1/../../../../arm-none-eabi/lib/thumb/v7e-m+fp/hard\libc_nano.a(lib_a-findfp.o)
                0x000000000800be90                __sf_fake_stdout
 .rodata.__mprec_bigtens
                0x000000000800beb0       0x28 c:/arm_tool/gcc/bin/../lib/gcc/arm-none-eabi/8.2.1/../../../../arm-none-eabi/lib/thumb/v7e-m+fp/hard\libc_nano.a(lib_a-mprec.o)
                0x000000000800beb0                __mprec_bigtens
 .rodata.__mprec_tens
                0x000000000800bed8       0xc8 c:/arm_tool/gcc/bin/../lib/gcc/arm-none-eabi/8.2.1/../../../../arm-none-eabi/lib/thumb/v7e-m+fp/hard\libc_nano.a(lib_a-mprec.o)
                0x000000000800bed8                __mprec_tens
 .rodata.p05.7454
                0x000000000800bfa0        0xc c:/arm_tool/gcc/bin/../lib/gcc/arm-none-eabi/8.2.1/../../../../arm-none-eabi/lib/thumb/v7e-m+fp/hard\libc_nano.a(lib_a-mprec.o)
 .rodata._vfprintf_r.str1.1
                0x000000000800bfac       0x11 c:/arm_tool/gcc/bin/../lib/gcc/arm-none-eabi/8.2.1/../../../../arm-none-eabi/lib/thumb/v7e-m+fp/hard\libc_nano.a(lib_a-nano-vfprintf.o)
 .rodata._setlocale_r.str1.1
                0x000000000800bfbd        0x8 c:/arm_tool/gcc/bin/../lib/gcc/arm-none-eabi/8.2.1/../../../../arm-none-eabi/lib/thumb/v7e-m+fp/hard\libc_nano.a(lib_a-locale.o)
                                          0x9 (size before relaxing)
 .rodata.str1.1
                0x000000000800bfc5        0x2 c:/arm_tool/gcc/bin/../lib/gcc/arm-none-eabi/8.2.1/../../../../arm-none-eabi/lib/thumb/v7e-m+fp/hard\libc_nano.a(lib_a-locale.o)
 .rodata._ctype_
                0x000000000800bfc7      0x101 c:/arm_tool/gcc/bin/../lib/gcc/arm-none-eabi/8.2.1/../../../../arm-none-eabi/lib/thumb/v7e-m+fp/hard\libc_nano.a(lib_a-ctype_.o)
                0x000000000800bfc7                _ctype_
                0x000000000800c0c8                . = ALIGN (0x8)

.ARM.extab      0x000000000800c0c8        0x0
                0x000000000800c0c8                . = ALIGN (0x8)
 *(.ARM.extab* .gnu.linkonce.armextab.*)
                0x000000000800c0c8                . = ALIGN (0x8)

.ARM            0x000000000800c0c8        0x8
                0x000000000800c0c8                . = ALIGN (0x8)
                0x000000000800c0c8                __exidx_start = .
 *(.ARM.exidx*)
 .ARM.exidx.text.__udivmoddi4
                0x000000000800c0c8        0x8 c:/arm_tool/gcc/bin/../lib/gcc/arm-none-eabi/8.2.1/thumb/v7e-m+fp/hard\libgcc.a(_udivmoddi4.o)
                0x000000000800c0d0                __exidx_end = .
                0x000000000800c0d0                . = ALIGN (0x8)

.rel.dyn        0x000000000800c0d0        0x0
 .rel.iplt      0x000000000800c0d0        0x0 c:/arm_tool/gcc/bin/../lib/gcc/arm-none-eabi/8.2.1/thumb/v7e-m+fp/hard/crtbegin.o

.preinit_array  0x000000000800c0d0        0x0
                0x000000000800c0d0                . = ALIGN (0x8)
                0x000000000800c0d0                PROVIDE (__preinit_array_start = .)
 *(.preinit_array*)
                0x000000000800c0d0                PROVIDE (__preinit_array_end = .)
                0x000000000800c0d0                . = ALIGN (0x8)

.init_array     0x000000000800c0d0        0x8
                0x000000000800c0d0                . = ALIGN (0x8)
                0x000000000800c0d0                PROVIDE (__init_array_start = .)
 *(SORT_BY_NAME(.init_array.*))
 *(.init_array*)
 .init_array    0x000000000800c0d0        0x4 c:/arm_tool/gcc/bin/../lib/gcc/arm-none-eabi/8.2.1/thumb/v7e-m+fp/hard/crtbegin.o
                0x000000000800c0d4                PROVIDE (__init_array_end = .)
                0x000000000800c0d8                . = ALIGN (0x8)
 *fill*         0x000000000800c0d4        0x4 

.fini_array     0x000000000800c0d8        0x8
                0x000000000800c0d8                . = ALIGN (0x8)
                [!provide]                        PROVIDE (__fini_array_start = .)
 *(SORT_BY_NAME(.fini_array.*))
 *(.fini_array*)
 .fini_array    0x000000000800c0d8        0x4 c:/arm_tool/gcc/bin/../lib/gcc/arm-none-eabi/8.2.1/thumb/v7e-m+fp/hard/crtbegin.o
                [!provide]                        PROVIDE (__fini_array_end = .)
                0x000000000800c0e0                . = ALIGN (0x8)
 *fill*         0x000000000800c0dc        0x4 
                0x000000000800c0e0                _sidata = LOADADDR (.data)

.data           0x0000000020000000      0x900 load address 0x000000000800c0e0
                0x0000000020000000                . = ALIGN (0x8)
                0x0000000020000000                _sdata = .
 *(.data)
 *(.data*)
 .data.uwTickFreq
                0x0000000020000000        0x1 build/stm32l4xx_hal.o
                0x0000000020000000                uwTickFreq
 *fill*         0x0000000020000001        0x3 
 .data.uwTickPrio
                0x0000000020000004        0x4 build/stm32l4xx_hal.o
                0x0000000020000004                uwTickPrio
 .data.SystemCoreClock
                0x0000000020000008        0x4 build/system_stm32l4xx.o
                0x0000000020000008                SystemCoreClock
 .data.HID_Class
                0x000000002000000c       0x20 build/usbh_hid.o
                0x000000002000000c                HID_Class
 .data.table_5x8
                0x000000002000002c      0x500 build/EPM7064.o
                0x000000002000002c                table_5x8
 .data.e0_table_5x8
                0x000000002000052c      0x100 build/ps2_keyboard.o
                0x000000002000052c                e0_table_5x8
 .data.main_table_5x8
                0x000000002000062c      0x100 build/ps2_keyboard.o
                0x000000002000062c                main_table_5x8
 .data._impure_ptr
                0x000000002000072c        0x4 c:/arm_tool/gcc/bin/../lib/gcc/arm-none-eabi/8.2.1/../../../../arm-none-eabi/lib/thumb/v7e-m+fp/hard\libc_nano.a(lib_a-impure.o)
                0x000000002000072c                _impure_ptr
 .data.impure_data
                0x0000000020000730       0x60 c:/arm_tool/gcc/bin/../lib/gcc/arm-none-eabi/8.2.1/../../../../arm-none-eabi/lib/thumb/v7e-m+fp/hard\libc_nano.a(lib_a-impure.o)
 .data.__global_locale
                0x0000000020000790      0x16c c:/arm_tool/gcc/bin/../lib/gcc/arm-none-eabi/8.2.1/../../../../arm-none-eabi/lib/thumb/v7e-m+fp/hard\libc_nano.a(lib_a-locale.o)
                0x0000000020000790                __global_locale
                0x0000000020000900                . = ALIGN (0x8)
 *fill*         0x00000000200008fc        0x4 
                0x0000000020000900                _edata = .

.tm_clone_table
                0x0000000020000900        0x0 load address 0x000000000800c9e0
 .tm_clone_table
                0x0000000020000900        0x0 c:/arm_tool/gcc/bin/../lib/gcc/arm-none-eabi/8.2.1/thumb/v7e-m+fp/hard/crtbegin.o
 .tm_clone_table
                0x0000000020000900        0x0 c:/arm_tool/gcc/bin/../lib/gcc/arm-none-eabi/8.2.1/thumb/v7e-m+fp/hard/crtend.o

.igot.plt       0x0000000020000900        0x0 load address 0x000000000800c9e0
 .igot.plt      0x0000000020000900        0x0 c:/arm_tool/gcc/bin/../lib/gcc/arm-none-eabi/8.2.1/thumb/v7e-m+fp/hard/crtbegin.o
                0x0000000020000900                . = ALIGN (0x4)

.bss            0x0000000020000900      0xfb8 load address 0x000000000800c9e0
                0x0000000020000900                _sbss = .
                0x0000000020000900                __bss_start__ = _sbss
 *(.bss)
 *(.bss*)
 .bss.completed.8014
                0x0000000020000900        0x1 c:/arm_tool/gcc/bin/../lib/gcc/arm-none-eabi/8.2.1/thumb/v7e-m+fp/hard/crtbegin.o
 *fill*         0x0000000020000901        0x3 
 .bss.object.8019
                0x0000000020000904       0x18 c:/arm_tool/gcc/bin/../lib/gcc/arm-none-eabi/8.2.1/thumb/v7e-m+fp/hard/crtbegin.o
 .bss.kmpstn_data_by_sgp.11592
                0x000000002000091c        0x1 build/main.o
 .bss.Appli_state
                0x000000002000091d        0x1 build/usb_host.o
                0x000000002000091d                Appli_state
 .bss.kmpstn_data.11935
                0x000000002000091e        0x1 build/usb_host.o
 *fill*         0x000000002000091f        0x1 
 .bss.mouse_data.11941
                0x0000000020000920        0x3 build/usb_host.o
 .bss.whell.11940
                0x0000000020000923        0x1 build/usb_host.o
 .bss.x.11938   0x0000000020000924        0x4 build/usb_host.o
 .bss.y.11939   0x0000000020000928        0x4 build/usb_host.o
 .bss.counter   0x000000002000092c        0x4 build/retarget.o
                0x000000002000092c                counter
 .bss.epm_buf   0x0000000020000930        0x5 build/EPM7064.o
 .bss.flag_alt  0x0000000020000935        0x1 build/EPM7064.o
                0x0000000020000935                flag_alt
 .bss.flag_ctrl
                0x0000000020000936        0x1 build/EPM7064.o
                0x0000000020000936                flag_ctrl
 .bss.flag_del  0x0000000020000937        0x1 build/EPM7064.o
                0x0000000020000937                flag_del
 .bss.config_8bit
                0x0000000020000938        0x1 build/cpld_spi.o
                0x0000000020000938                config_8bit
 *fill*         0x0000000020000939        0x3 
 .bss.magic     0x000000002000093c        0x4 build/opt_buttons.o
 .bss.reset     0x0000000020000940        0x4 build/opt_buttons.o
 .bss.flag_e0   0x0000000020000944        0x1 build/ps2_keyboard.o
 .bss.flag_e1   0x0000000020000945        0x1 build/ps2_keyboard.o
 .bss.flag_f0   0x0000000020000946        0x1 build/ps2_keyboard.o
 *fill*         0x0000000020000947        0x1 
 .bss.ps2_kb_raw
                0x0000000020000948       0x8c build/ps2_keyboard.o
 .bss.mode_timeout
                0x00000000200009d4        0x4 build/sega_gamepad.o
                0x00000000200009d4                mode_timeout
 .bss.proc_phase
                0x00000000200009d8        0x1 build/sega_gamepad.o
                0x00000000200009d8                proc_phase
 *fill*         0x00000000200009d9        0x3 
 .bss.proc_timeout
                0x00000000200009dc        0x4 build/sega_gamepad.o
                0x00000000200009dc                proc_timeout
 .bss.__malloc_free_list
                0x00000000200009e0        0x4 c:/arm_tool/gcc/bin/../lib/gcc/arm-none-eabi/8.2.1/../../../../arm-none-eabi/lib/thumb/v7e-m+fp/hard\libc_nano.a(lib_a-nano-mallocr.o)
                0x00000000200009e0                __malloc_free_list
 .bss.__malloc_sbrk_start
                0x00000000200009e4        0x4 c:/arm_tool/gcc/bin/../lib/gcc/arm-none-eabi/8.2.1/../../../../arm-none-eabi/lib/thumb/v7e-m+fp/hard\libc_nano.a(lib_a-nano-mallocr.o)
                0x00000000200009e4                __malloc_sbrk_start
 .bss.heap_end.5501
                0x00000000200009e8        0x4 c:/arm_tool/gcc/bin/../lib/gcc/arm-none-eabi/8.2.1/../../../../arm-none-eabi/lib/thumb/v7e-m+fp/hard\libnosys.a(sbrk.o)
 *(COMMON)
 COMMON         0x00000000200009ec        0x8 build/main.o
                0x00000000200009ec                ps2_raw_data
                0x00000000200009ee                role
                0x00000000200009f0                mouse_event_cnt
 COMMON         0x00000000200009f4      0x114 build/usart.o
                0x00000000200009f4                hdma_usart2_rx
                0x0000000020000a3c                hdma_usart2_tx
                0x0000000020000a84                huart2
 COMMON         0x0000000020000b08        0x4 build/stm32l4xx_hal.o
                0x0000000020000b08                uwTick
 COMMON         0x0000000020000b0c       0x4c build/stm32l4xx_hal_timebase_tim.o
                0x0000000020000b0c                htim7
 COMMON         0x0000000020000b58      0x3e0 build/usb_host.o
                0x0000000020000b58                hUsbHostFS
                0x0000000020000f30                gamepad_0
                0x0000000020000f34                gamepad_1
 COMMON         0x0000000020000f38      0x304 build/usbh_conf.o
                0x0000000020000f38                hhcd_USB_OTG_FS
 COMMON         0x000000002000123c       0x1f build/usbh_hid_keybd.o
                0x000000002000123c                keybd_report_data